Archive member included to satisfy reference by file (symbol)

/usr/lib/gcc/avr/5.4.0/avr5/libgcc.a(_divmodhi4.o)
                              power_manager.o (__divmodhi4)
/usr/lib/gcc/avr/5.4.0/avr5/libgcc.a(_udivmodsi4.o)
                              ../lib/uart.o (__udivmodsi4)
/usr/lib/gcc/avr/5.4.0/avr5/libgcc.a(_exit.o)
                              ../lib/Atmel.ATmega_DFP.1.3.300.atpack/gcc/dev/atmega328pb/avr5/crtatmega328pb.o (exit)
/usr/lib/gcc/avr/5.4.0/avr5/libgcc.a(_copy_data.o)
                              dtr_transmition.o (__do_copy_data)
/usr/lib/gcc/avr/5.4.0/avr5/libgcc.a(_clear_bss.o)
                              rpubus_manager_state.o (__do_clear_bss)
/usr/lib/gcc/avr/5.4.0/avr5/libgcc.a(_muluhisi3.o)
                              ../lib/timers.o (__muluhisi3)
/usr/lib/gcc/avr/5.4.0/avr5/libgcc.a(_udivmodhi4.o)
                              /usr/lib/gcc/avr/5.4.0/avr5/libgcc.a(_divmodhi4.o) (__udivmodhi4)
/usr/lib/gcc/avr/5.4.0/avr5/libgcc.a(_umulhisi3.o)
                              /usr/lib/gcc/avr/5.4.0/avr5/libgcc.a(_muluhisi3.o) (__umulhisi3)
/usr/lib/gcc/avr/5.4.0/../../../avr/lib/avr5/libc.a(fgetc.o)
                              dtr_transmition.o (fgetc)
/usr/lib/gcc/avr/5.4.0/../../../avr/lib/avr5/libc.a(iob.o)
                              main.o (__iob)
/usr/lib/gcc/avr/5.4.0/../../../avr/lib/avr5/libc.a(printf.o)
                              dtr_transmition.o (printf)
/usr/lib/gcc/avr/5.4.0/../../../avr/lib/avr5/libc.a(vfprintf_std.o)
                              /usr/lib/gcc/avr/5.4.0/../../../avr/lib/avr5/libc.a(printf.o) (vfprintf)
/usr/lib/gcc/avr/5.4.0/../../../avr/lib/avr5/libc.a(strnlen_P.o)
                              /usr/lib/gcc/avr/5.4.0/../../../avr/lib/avr5/libc.a(vfprintf_std.o) (strnlen_P)
/usr/lib/gcc/avr/5.4.0/../../../avr/lib/avr5/libc.a(strnlen.o)
                              /usr/lib/gcc/avr/5.4.0/../../../avr/lib/avr5/libc.a(vfprintf_std.o) (strnlen)
/usr/lib/gcc/avr/5.4.0/../../../avr/lib/avr5/libc.a(fputc.o)
                              /usr/lib/gcc/avr/5.4.0/../../../avr/lib/avr5/libc.a(vfprintf_std.o) (fputc)
/usr/lib/gcc/avr/5.4.0/../../../avr/lib/avr5/libc.a(ultoa_invert.o)
                              /usr/lib/gcc/avr/5.4.0/../../../avr/lib/avr5/libc.a(vfprintf_std.o) (__ultoa_invert)
../lib/Atmel.ATmega_DFP.1.3.300.atpack/gcc/dev/atmega328pb/avr5/libatmega328pb.a(eerd_byte.o)
                              main.o (eeprom_read_byte)
../lib/Atmel.ATmega_DFP.1.3.300.atpack/gcc/dev/atmega328pb/avr5/libatmega328pb.a(eerd_dword.o)
                              references.o (eeprom_read_dword)
../lib/Atmel.ATmega_DFP.1.3.300.atpack/gcc/dev/atmega328pb/avr5/libatmega328pb.a(eerd_word.o)
                              references.o (eeprom_read_word)
../lib/Atmel.ATmega_DFP.1.3.300.atpack/gcc/dev/atmega328pb/avr5/libatmega328pb.a(eewr_byte.o)
                              id_in_ee.o (eeprom_write_byte)
../lib/Atmel.ATmega_DFP.1.3.300.atpack/gcc/dev/atmega328pb/avr5/libatmega328pb.a(eewr_dword.o)
                              references.o (eeprom_write_dword)
../lib/Atmel.ATmega_DFP.1.3.300.atpack/gcc/dev/atmega328pb/avr5/libatmega328pb.a(eewr_word.o)
                              references.o (eeprom_write_word)
../lib/Atmel.ATmega_DFP.1.3.300.atpack/gcc/dev/atmega328pb/avr5/libatmega328pb.a(eerd_block.o)
                              ../lib/Atmel.ATmega_DFP.1.3.300.atpack/gcc/dev/atmega328pb/avr5/libatmega328pb.a(eerd_dword.o) (eeprom_read_blraw)
/usr/lib/gcc/avr/5.4.0/avr5/libgcc.a(_prologue.o)
                              /usr/lib/gcc/avr/5.4.0/../../../avr/lib/avr5/libc.a(printf.o) (__prologue_saves__)
/usr/lib/gcc/avr/5.4.0/avr5/libgcc.a(_epilogue.o)
                              /usr/lib/gcc/avr/5.4.0/../../../avr/lib/avr5/libc.a(printf.o) (__epilogue_restores__)

Allocating common symbols
Common symbol       size              file

bootloader_started_at
                    0x4               rpubus_manager_state.o
ref_loaded          0x1               references.o
daynight_evening_debounce
                    0x4               daynight_limits.o
lockout_started_at  0x4               rpubus_manager_state.o
daynight_morning_threshold
                    0x2               daynight_limits.o
test_mode_started   0x1               rpubus_manager_state.o
enable_alternate_power
                    0x1               power_manager.o
ref_extern_avcc_uV  0x4               references.o
daynight_values_loaded
                    0x1               daynight_limits.o
lockout_active      0x1               rpubus_manager_state.o
enable_sbc_power    0x1               power_manager.o
bootloader_started  0x1               rpubus_manager_state.o
daynight_evening_threshold
                    0x2               daynight_limits.o
uart_output         0x1               dtr_transmition.o
status_byt          0x1               rpubus_manager_state.o
adc_channel         0x1               ../lib/adc.o
ref_intern_1v1_uV   0x4               references.o
localhost_active    0x1               rpubus_manager_state.o
daynight_state      0x1               daynight_state.o
smbusBuffer         0x20              smbus_cmds.o
uart_previous_byte  0x1               dtr_transmition.o
shutdown_started    0x1               rpubus_manager_state.o
shutdown_detected   0x1               rpubus_manager_state.o
inBytes_to_handle   0x2               smbus_cmds.o
transceiver_state   0x1               rpubus_manager_state.o
write_rpu_address_to_eeprom
                    0x1               rpubus_manager_state.o
alt_pwm_started_at  0x4               power_manager.o
smbus_has_numBytes_to_handle
                    0x2               smbus_cmds.o
accumulate_alt_ti   0x4               adc_burst.o
analog_reference    0x1               ../lib/adc.o
local_mcu_is_rpu_aware
                    0x1               rpubus_manager_state.o
i2c0Buffer          0x20              i2c_cmds.o
alt_pwm_accum_charge_time
                    0x4               power_manager.o
host_is_foreign     0x1               rpubus_manager_state.o
adc                 0x12              ../lib/adc.o
blink_started_at    0x4               rpubus_manager_state.o
battery_high_limit  0x2               battery_limits.o
uart_started_at     0x4               dtr_transmition.o
arduino_mode        0x1               rpubus_manager_state.o
shutdown_started_at
                    0x4               rpubus_manager_state.o
bootloader_address  0x1               rpubus_manager_state.o
daynight_morning_debounce
                    0x4               daynight_limits.o
rpu_address         0x1               rpubus_manager_state.o
accumulate_pwr_ti   0x4               adc_burst.o
adc_started_at      0x4               adc_burst.o
host_active         0x1               rpubus_manager_state.o
arduino_mode_started
                    0x1               rpubus_manager_state.o
uart_has_TTL        0x1               rpubus_manager_state.o
dayTmrStarted       0x4               daynight_state.o
ADC_auto_conversion
                    0x1               ../lib/adc.o
smbus_oldBuffer     0x20              smbus_cmds.o
bat_limit_loaded    0x1               battery_limits.o
test_mode           0x1               rpubus_manager_state.o
__iob               0x6               /usr/lib/gcc/avr/5.4.0/../../../avr/lib/avr5/libc.a(iob.o)
battery_low_limit   0x2               battery_limits.o

Discarded input sections

 .data          0x0000000000000000        0x0 ../lib/Atmel.ATmega_DFP.1.3.300.atpack/gcc/dev/atmega328pb/avr5/crtatmega328pb.o
 .bss           0x0000000000000000        0x0 ../lib/Atmel.ATmega_DFP.1.3.300.atpack/gcc/dev/atmega328pb/avr5/crtatmega328pb.o
 .text          0x0000000000000000        0x0 main.o
 .data          0x0000000000000000        0x0 main.o
 .bss           0x0000000000000000        0x0 main.o
 .text          0x0000000000000000        0x0 rpubus_manager_state.o
 .data          0x0000000000000000        0x0 rpubus_manager_state.o
 .bss           0x0000000000000000        0x0 rpubus_manager_state.o
 .text          0x0000000000000000        0x0 dtr_transmition.o
 .data          0x0000000000000000        0x0 dtr_transmition.o
 .bss           0x0000000000000000        0x0 dtr_transmition.o
 .text          0x0000000000000000        0x0 i2c_cmds.o
 .data          0x0000000000000000        0x0 i2c_cmds.o
 .bss           0x0000000000000000        0x0 i2c_cmds.o
 .text          0x0000000000000000        0x0 smbus_cmds.o
 .data          0x0000000000000000        0x0 smbus_cmds.o
 .bss           0x0000000000000000        0x0 smbus_cmds.o
 .text          0x0000000000000000        0x0 id_in_ee.o
 .data          0x0000000000000000        0x0 id_in_ee.o
 .bss           0x0000000000000000        0x0 id_in_ee.o
 .text          0x0000000000000000        0x0 adc_burst.o
 .data          0x0000000000000000        0x0 adc_burst.o
 .bss           0x0000000000000000        0x0 adc_burst.o
 .text          0x0000000000000000        0x0 references.o
 .data          0x0000000000000000        0x0 references.o
 .bss           0x0000000000000000        0x0 references.o
 .text          0x0000000000000000        0x0 power_manager.o
 .data          0x0000000000000000        0x0 power_manager.o
 .bss           0x0000000000000000        0x0 power_manager.o
 .text          0x0000000000000000        0x0 battery_limits.o
 .data          0x0000000000000000        0x0 battery_limits.o
 .bss           0x0000000000000000        0x0 battery_limits.o
 .text          0x0000000000000000        0x0 daynight_limits.o
 .data          0x0000000000000000        0x0 daynight_limits.o
 .bss           0x0000000000000000        0x0 daynight_limits.o
 .text.IsValidMorningDebounce
                0x0000000000000000        0x4 daynight_limits.o
 .text          0x0000000000000000        0x0 daynight_state.o
 .data          0x0000000000000000        0x0 daynight_state.o
 .bss           0x0000000000000000        0x0 daynight_state.o
 .text          0x0000000000000000        0x0 ../lib/uart.o
 .data          0x0000000000000000        0x0 ../lib/uart.o
 .bss           0x0000000000000000        0x0 ../lib/uart.o
 .text.init_uart0_after_bootloader
                0x0000000000000000        0x6 ../lib/uart.o
 .text.uart0_flush
                0x0000000000000000       0x10 ../lib/uart.o
 .text.uart0_availableForWrite
                0x0000000000000000       0x20 ../lib/uart.o
 .text          0x0000000000000000        0x0 ../lib/adc.o
 .data          0x0000000000000000        0x0 ../lib/adc.o
 .bss           0x0000000000000000        0x0 ../lib/adc.o
 .text.analogReference
                0x0000000000000000       0x12 ../lib/adc.o
 .text          0x0000000000000000        0x0 ../lib/timers.o
 .data          0x0000000000000000        0x0 ../lib/timers.o
 .bss           0x0000000000000000        0x0 ../lib/timers.o
 .text.micros   0x0000000000000000       0x46 ../lib/timers.o
 .text          0x0000000000000000        0x0 ../lib/twi0.o
 .data          0x0000000000000000        0x0 ../lib/twi0.o
 .bss           0x0000000000000000        0x0 ../lib/twi0.o
 .text.twi0_disable
                0x0000000000000000       0x10 ../lib/twi0.o
 .text.twi0_setFrequency
                0x0000000000000000       0x28 ../lib/twi0.o
 .text.twi0_readFrom
                0x0000000000000000       0x90 ../lib/twi0.o
 .text.twi0_writeTo
                0x0000000000000000       0xac ../lib/twi0.o
 .text.twi0_reply
                0x0000000000000000       0x10 ../lib/twi0.o
 .text          0x0000000000000000        0x0 ../lib/twi1.o
 .data          0x0000000000000000        0x0 ../lib/twi1.o
 .bss           0x0000000000000000        0x0 ../lib/twi1.o
 .text.twi1_disable
                0x0000000000000000       0x10 ../lib/twi1.o
 .text.twi1_setFrequency
                0x0000000000000000       0x28 ../lib/twi1.o
 .text.twi1_readFrom
                0x0000000000000000       0x90 ../lib/twi1.o
 .text.twi1_writeTo
                0x0000000000000000       0xac ../lib/twi1.o
 .text.twi1_reply
                0x0000000000000000       0x10 ../lib/twi1.o
 .text          0x0000000000000000        0x0 /usr/lib/gcc/avr/5.4.0/avr5/libgcc.a(_divmodhi4.o)
 .data          0x0000000000000000        0x0 /usr/lib/gcc/avr/5.4.0/avr5/libgcc.a(_divmodhi4.o)
 .bss           0x0000000000000000        0x0 /usr/lib/gcc/avr/5.4.0/avr5/libgcc.a(_divmodhi4.o)
 .text.libgcc.mul
                0x0000000000000000        0x0 /usr/lib/gcc/avr/5.4.0/avr5/libgcc.a(_divmodhi4.o)
 .text.libgcc   0x0000000000000000        0x0 /usr/lib/gcc/avr/5.4.0/avr5/libgcc.a(_divmodhi4.o)
 .text.libgcc.prologue
                0x0000000000000000        0x0 /usr/lib/gcc/avr/5.4.0/avr5/libgcc.a(_divmodhi4.o)
 .text.libgcc.builtins
                0x0000000000000000        0x0 /usr/lib/gcc/avr/5.4.0/avr5/libgcc.a(_divmodhi4.o)
 .text.libgcc.fmul
                0x0000000000000000        0x0 /usr/lib/gcc/avr/5.4.0/avr5/libgcc.a(_divmodhi4.o)
 .text.libgcc.fixed
                0x0000000000000000        0x0 /usr/lib/gcc/avr/5.4.0/avr5/libgcc.a(_divmodhi4.o)
 .text          0x0000000000000000        0x0 /usr/lib/gcc/avr/5.4.0/avr5/libgcc.a(_udivmodsi4.o)
 .data          0x0000000000000000        0x0 /usr/lib/gcc/avr/5.4.0/avr5/libgcc.a(_udivmodsi4.o)
 .bss           0x0000000000000000        0x0 /usr/lib/gcc/avr/5.4.0/avr5/libgcc.a(_udivmodsi4.o)
 .text.libgcc.mul
                0x0000000000000000        0x0 /usr/lib/gcc/avr/5.4.0/avr5/libgcc.a(_udivmodsi4.o)
 .text.libgcc   0x0000000000000000        0x0 /usr/lib/gcc/avr/5.4.0/avr5/libgcc.a(_udivmodsi4.o)
 .text.libgcc.prologue
                0x0000000000000000        0x0 /usr/lib/gcc/avr/5.4.0/avr5/libgcc.a(_udivmodsi4.o)
 .text.libgcc.builtins
                0x0000000000000000        0x0 /usr/lib/gcc/avr/5.4.0/avr5/libgcc.a(_udivmodsi4.o)
 .text.libgcc.fmul
                0x0000000000000000        0x0 /usr/lib/gcc/avr/5.4.0/avr5/libgcc.a(_udivmodsi4.o)
 .text.libgcc.fixed
                0x0000000000000000        0x0 /usr/lib/gcc/avr/5.4.0/avr5/libgcc.a(_udivmodsi4.o)
 .text          0x0000000000000000        0x0 /usr/lib/gcc/avr/5.4.0/avr5/libgcc.a(_exit.o)
 .data          0x0000000000000000        0x0 /usr/lib/gcc/avr/5.4.0/avr5/libgcc.a(_exit.o)
 .bss           0x0000000000000000        0x0 /usr/lib/gcc/avr/5.4.0/avr5/libgcc.a(_exit.o)
 .text.libgcc.mul
                0x0000000000000000        0x0 /usr/lib/gcc/avr/5.4.0/avr5/libgcc.a(_exit.o)
 .text.libgcc.div
                0x0000000000000000        0x0 /usr/lib/gcc/avr/5.4.0/avr5/libgcc.a(_exit.o)
 .text.libgcc   0x0000000000000000        0x0 /usr/lib/gcc/avr/5.4.0/avr5/libgcc.a(_exit.o)
 .text.libgcc.prologue
                0x0000000000000000        0x0 /usr/lib/gcc/avr/5.4.0/avr5/libgcc.a(_exit.o)
 .text.libgcc.builtins
                0x0000000000000000        0x0 /usr/lib/gcc/avr/5.4.0/avr5/libgcc.a(_exit.o)
 .text.libgcc.fmul
                0x0000000000000000        0x0 /usr/lib/gcc/avr/5.4.0/avr5/libgcc.a(_exit.o)
 .text.libgcc.fixed
                0x0000000000000000        0x0 /usr/lib/gcc/avr/5.4.0/avr5/libgcc.a(_exit.o)
 .text          0x0000000000000000        0x0 /usr/lib/gcc/avr/5.4.0/avr5/libgcc.a(_copy_data.o)
 .data          0x0000000000000000        0x0 /usr/lib/gcc/avr/5.4.0/avr5/libgcc.a(_copy_data.o)
 .bss           0x0000000000000000        0x0 /usr/lib/gcc/avr/5.4.0/avr5/libgcc.a(_copy_data.o)
 .text.libgcc.mul
                0x0000000000000000        0x0 /usr/lib/gcc/avr/5.4.0/avr5/libgcc.a(_copy_data.o)
 .text.libgcc.div
                0x0000000000000000        0x0 /usr/lib/gcc/avr/5.4.0/avr5/libgcc.a(_copy_data.o)
 .text.libgcc   0x0000000000000000        0x0 /usr/lib/gcc/avr/5.4.0/avr5/libgcc.a(_copy_data.o)
 .text.libgcc.prologue
                0x0000000000000000        0x0 /usr/lib/gcc/avr/5.4.0/avr5/libgcc.a(_copy_data.o)
 .text.libgcc.builtins
                0x0000000000000000        0x0 /usr/lib/gcc/avr/5.4.0/avr5/libgcc.a(_copy_data.o)
 .text.libgcc.fmul
                0x0000000000000000        0x0 /usr/lib/gcc/avr/5.4.0/avr5/libgcc.a(_copy_data.o)
 .text.libgcc.fixed
                0x0000000000000000        0x0 /usr/lib/gcc/avr/5.4.0/avr5/libgcc.a(_copy_data.o)
 .text          0x0000000000000000        0x0 /usr/lib/gcc/avr/5.4.0/avr5/libgcc.a(_clear_bss.o)
 .data          0x0000000000000000        0x0 /usr/lib/gcc/avr/5.4.0/avr5/libgcc.a(_clear_bss.o)
 .bss           0x0000000000000000        0x0 /usr/lib/gcc/avr/5.4.0/avr5/libgcc.a(_clear_bss.o)
 .text.libgcc.mul
                0x0000000000000000        0x0 /usr/lib/gcc/avr/5.4.0/avr5/libgcc.a(_clear_bss.o)
 .text.libgcc.div
                0x0000000000000000        0x0 /usr/lib/gcc/avr/5.4.0/avr5/libgcc.a(_clear_bss.o)
 .text.libgcc   0x0000000000000000        0x0 /usr/lib/gcc/avr/5.4.0/avr5/libgcc.a(_clear_bss.o)
 .text.libgcc.prologue
                0x0000000000000000        0x0 /usr/lib/gcc/avr/5.4.0/avr5/libgcc.a(_clear_bss.o)
 .text.libgcc.builtins
                0x0000000000000000        0x0 /usr/lib/gcc/avr/5.4.0/avr5/libgcc.a(_clear_bss.o)
 .text.libgcc.fmul
                0x0000000000000000        0x0 /usr/lib/gcc/avr/5.4.0/avr5/libgcc.a(_clear_bss.o)
 .text.libgcc.fixed
                0x0000000000000000        0x0 /usr/lib/gcc/avr/5.4.0/avr5/libgcc.a(_clear_bss.o)
 .text          0x0000000000000000        0x0 /usr/lib/gcc/avr/5.4.0/avr5/libgcc.a(_muluhisi3.o)
 .data          0x0000000000000000        0x0 /usr/lib/gcc/avr/5.4.0/avr5/libgcc.a(_muluhisi3.o)
 .bss           0x0000000000000000        0x0 /usr/lib/gcc/avr/5.4.0/avr5/libgcc.a(_muluhisi3.o)
 .text.libgcc.mul
                0x0000000000000000       0x16 /usr/lib/gcc/avr/5.4.0/avr5/libgcc.a(_muluhisi3.o)
 .text.libgcc.div
                0x0000000000000000        0x0 /usr/lib/gcc/avr/5.4.0/avr5/libgcc.a(_muluhisi3.o)
 .text.libgcc   0x0000000000000000        0x0 /usr/lib/gcc/avr/5.4.0/avr5/libgcc.a(_muluhisi3.o)
 .text.libgcc.prologue
                0x0000000000000000        0x0 /usr/lib/gcc/avr/5.4.0/avr5/libgcc.a(_muluhisi3.o)
 .text.libgcc.builtins
                0x0000000000000000        0x0 /usr/lib/gcc/avr/5.4.0/avr5/libgcc.a(_muluhisi3.o)
 .text.libgcc.fmul
                0x0000000000000000        0x0 /usr/lib/gcc/avr/5.4.0/avr5/libgcc.a(_muluhisi3.o)
 .text.libgcc.fixed
                0x0000000000000000        0x0 /usr/lib/gcc/avr/5.4.0/avr5/libgcc.a(_muluhisi3.o)
 .text          0x0000000000000000        0x0 /usr/lib/gcc/avr/5.4.0/avr5/libgcc.a(_udivmodhi4.o)
 .data          0x0000000000000000        0x0 /usr/lib/gcc/avr/5.4.0/avr5/libgcc.a(_udivmodhi4.o)
 .bss           0x0000000000000000        0x0 /usr/lib/gcc/avr/5.4.0/avr5/libgcc.a(_udivmodhi4.o)
 .text.libgcc.mul
                0x0000000000000000        0x0 /usr/lib/gcc/avr/5.4.0/avr5/libgcc.a(_udivmodhi4.o)
 .text.libgcc   0x0000000000000000        0x0 /usr/lib/gcc/avr/5.4.0/avr5/libgcc.a(_udivmodhi4.o)
 .text.libgcc.prologue
                0x0000000000000000        0x0 /usr/lib/gcc/avr/5.4.0/avr5/libgcc.a(_udivmodhi4.o)
 .text.libgcc.builtins
                0x0000000000000000        0x0 /usr/lib/gcc/avr/5.4.0/avr5/libgcc.a(_udivmodhi4.o)
 .text.libgcc.fmul
                0x0000000000000000        0x0 /usr/lib/gcc/avr/5.4.0/avr5/libgcc.a(_udivmodhi4.o)
 .text.libgcc.fixed
                0x0000000000000000        0x0 /usr/lib/gcc/avr/5.4.0/avr5/libgcc.a(_udivmodhi4.o)
 .text          0x0000000000000000        0x0 /usr/lib/gcc/avr/5.4.0/avr5/libgcc.a(_umulhisi3.o)
 .data          0x0000000000000000        0x0 /usr/lib/gcc/avr/5.4.0/avr5/libgcc.a(_umulhisi3.o)
 .bss           0x0000000000000000        0x0 /usr/lib/gcc/avr/5.4.0/avr5/libgcc.a(_umulhisi3.o)
 .text.libgcc.mul
                0x0000000000000000       0x1e /usr/lib/gcc/avr/5.4.0/avr5/libgcc.a(_umulhisi3.o)
 .text.libgcc.div
                0x0000000000000000        0x0 /usr/lib/gcc/avr/5.4.0/avr5/libgcc.a(_umulhisi3.o)
 .text.libgcc   0x0000000000000000        0x0 /usr/lib/gcc/avr/5.4.0/avr5/libgcc.a(_umulhisi3.o)
 .text.libgcc.prologue
                0x0000000000000000        0x0 /usr/lib/gcc/avr/5.4.0/avr5/libgcc.a(_umulhisi3.o)
 .text.libgcc.builtins
                0x0000000000000000        0x0 /usr/lib/gcc/avr/5.4.0/avr5/libgcc.a(_umulhisi3.o)
 .text.libgcc.fmul
                0x0000000000000000        0x0 /usr/lib/gcc/avr/5.4.0/avr5/libgcc.a(_umulhisi3.o)
 .text.libgcc.fixed
                0x0000000000000000        0x0 /usr/lib/gcc/avr/5.4.0/avr5/libgcc.a(_umulhisi3.o)
 .text          0x0000000000000000        0x0 /usr/lib/gcc/avr/5.4.0/../../../avr/lib/avr5/libc.a(fgetc.o)
 .data          0x0000000000000000        0x0 /usr/lib/gcc/avr/5.4.0/../../../avr/lib/avr5/libc.a(fgetc.o)
 .bss           0x0000000000000000        0x0 /usr/lib/gcc/avr/5.4.0/../../../avr/lib/avr5/libc.a(fgetc.o)
 .text          0x0000000000000000        0x0 /usr/lib/gcc/avr/5.4.0/../../../avr/lib/avr5/libc.a(iob.o)
 .data          0x0000000000000000        0x0 /usr/lib/gcc/avr/5.4.0/../../../avr/lib/avr5/libc.a(iob.o)
 .bss           0x0000000000000000        0x0 /usr/lib/gcc/avr/5.4.0/../../../avr/lib/avr5/libc.a(iob.o)
 .text          0x0000000000000000        0x0 /usr/lib/gcc/avr/5.4.0/../../../avr/lib/avr5/libc.a(printf.o)
 .data          0x0000000000000000        0x0 /usr/lib/gcc/avr/5.4.0/../../../avr/lib/avr5/libc.a(printf.o)
 .bss           0x0000000000000000        0x0 /usr/lib/gcc/avr/5.4.0/../../../avr/lib/avr5/libc.a(printf.o)
 .text          0x0000000000000000        0x0 /usr/lib/gcc/avr/5.4.0/../../../avr/lib/avr5/libc.a(vfprintf_std.o)
 .data          0x0000000000000000        0x0 /usr/lib/gcc/avr/5.4.0/../../../avr/lib/avr5/libc.a(vfprintf_std.o)
 .bss           0x0000000000000000        0x0 /usr/lib/gcc/avr/5.4.0/../../../avr/lib/avr5/libc.a(vfprintf_std.o)
 .text          0x0000000000000000        0x0 /usr/lib/gcc/avr/5.4.0/../../../avr/lib/avr5/libc.a(strnlen_P.o)
 .data          0x0000000000000000        0x0 /usr/lib/gcc/avr/5.4.0/../../../avr/lib/avr5/libc.a(strnlen_P.o)
 .bss           0x0000000000000000        0x0 /usr/lib/gcc/avr/5.4.0/../../../avr/lib/avr5/libc.a(strnlen_P.o)
 .text          0x0000000000000000        0x0 /usr/lib/gcc/avr/5.4.0/../../../avr/lib/avr5/libc.a(strnlen.o)
 .data          0x0000000000000000        0x0 /usr/lib/gcc/avr/5.4.0/../../../avr/lib/avr5/libc.a(strnlen.o)
 .bss           0x0000000000000000        0x0 /usr/lib/gcc/avr/5.4.0/../../../avr/lib/avr5/libc.a(strnlen.o)
 .text          0x0000000000000000        0x0 /usr/lib/gcc/avr/5.4.0/../../../avr/lib/avr5/libc.a(fputc.o)
 .data          0x0000000000000000        0x0 /usr/lib/gcc/avr/5.4.0/../../../avr/lib/avr5/libc.a(fputc.o)
 .bss           0x0000000000000000        0x0 /usr/lib/gcc/avr/5.4.0/../../../avr/lib/avr5/libc.a(fputc.o)
 .text          0x0000000000000000        0x0 /usr/lib/gcc/avr/5.4.0/../../../avr/lib/avr5/libc.a(ultoa_invert.o)
 .data          0x0000000000000000        0x0 /usr/lib/gcc/avr/5.4.0/../../../avr/lib/avr5/libc.a(ultoa_invert.o)
 .bss           0x0000000000000000        0x0 /usr/lib/gcc/avr/5.4.0/../../../avr/lib/avr5/libc.a(ultoa_invert.o)
 .text          0x0000000000000000        0x0 ../lib/Atmel.ATmega_DFP.1.3.300.atpack/gcc/dev/atmega328pb/avr5/libatmega328pb.a(eerd_byte.o)
 .data          0x0000000000000000        0x0 ../lib/Atmel.ATmega_DFP.1.3.300.atpack/gcc/dev/atmega328pb/avr5/libatmega328pb.a(eerd_byte.o)
 .bss           0x0000000000000000        0x0 ../lib/Atmel.ATmega_DFP.1.3.300.atpack/gcc/dev/atmega328pb/avr5/libatmega328pb.a(eerd_byte.o)
 .text          0x0000000000000000        0x0 ../lib/Atmel.ATmega_DFP.1.3.300.atpack/gcc/dev/atmega328pb/avr5/libatmega328pb.a(eerd_dword.o)
 .data          0x0000000000000000        0x0 ../lib/Atmel.ATmega_DFP.1.3.300.atpack/gcc/dev/atmega328pb/avr5/libatmega328pb.a(eerd_dword.o)
 .bss           0x0000000000000000        0x0 ../lib/Atmel.ATmega_DFP.1.3.300.atpack/gcc/dev/atmega328pb/avr5/libatmega328pb.a(eerd_dword.o)
 .text          0x0000000000000000        0x0 ../lib/Atmel.ATmega_DFP.1.3.300.atpack/gcc/dev/atmega328pb/avr5/libatmega328pb.a(eerd_word.o)
 .data          0x0000000000000000        0x0 ../lib/Atmel.ATmega_DFP.1.3.300.atpack/gcc/dev/atmega328pb/avr5/libatmega328pb.a(eerd_word.o)
 .bss           0x0000000000000000        0x0 ../lib/Atmel.ATmega_DFP.1.3.300.atpack/gcc/dev/atmega328pb/avr5/libatmega328pb.a(eerd_word.o)
 .text          0x0000000000000000        0x0 ../lib/Atmel.ATmega_DFP.1.3.300.atpack/gcc/dev/atmega328pb/avr5/libatmega328pb.a(eewr_byte.o)
 .data          0x0000000000000000        0x0 ../lib/Atmel.ATmega_DFP.1.3.300.atpack/gcc/dev/atmega328pb/avr5/libatmega328pb.a(eewr_byte.o)
 .bss           0x0000000000000000        0x0 ../lib/Atmel.ATmega_DFP.1.3.300.atpack/gcc/dev/atmega328pb/avr5/libatmega328pb.a(eewr_byte.o)
 .text          0x0000000000000000        0x0 ../lib/Atmel.ATmega_DFP.1.3.300.atpack/gcc/dev/atmega328pb/avr5/libatmega328pb.a(eewr_dword.o)
 .data          0x0000000000000000        0x0 ../lib/Atmel.ATmega_DFP.1.3.300.atpack/gcc/dev/atmega328pb/avr5/libatmega328pb.a(eewr_dword.o)
 .bss           0x0000000000000000        0x0 ../lib/Atmel.ATmega_DFP.1.3.300.atpack/gcc/dev/atmega328pb/avr5/libatmega328pb.a(eewr_dword.o)
 .text          0x0000000000000000        0x0 ../lib/Atmel.ATmega_DFP.1.3.300.atpack/gcc/dev/atmega328pb/avr5/libatmega328pb.a(eewr_word.o)
 .data          0x0000000000000000        0x0 ../lib/Atmel.ATmega_DFP.1.3.300.atpack/gcc/dev/atmega328pb/avr5/libatmega328pb.a(eewr_word.o)
 .bss           0x0000000000000000        0x0 ../lib/Atmel.ATmega_DFP.1.3.300.atpack/gcc/dev/atmega328pb/avr5/libatmega328pb.a(eewr_word.o)
 .text          0x0000000000000000        0x0 ../lib/Atmel.ATmega_DFP.1.3.300.atpack/gcc/dev/atmega328pb/avr5/libatmega328pb.a(eerd_block.o)
 .data          0x0000000000000000        0x0 ../lib/Atmel.ATmega_DFP.1.3.300.atpack/gcc/dev/atmega328pb/avr5/libatmega328pb.a(eerd_block.o)
 .bss           0x0000000000000000        0x0 ../lib/Atmel.ATmega_DFP.1.3.300.atpack/gcc/dev/atmega328pb/avr5/libatmega328pb.a(eerd_block.o)
 .text          0x0000000000000000        0x0 /usr/lib/gcc/avr/5.4.0/avr5/libgcc.a(_prologue.o)
 .data          0x0000000000000000        0x0 /usr/lib/gcc/avr/5.4.0/avr5/libgcc.a(_prologue.o)
 .bss           0x0000000000000000        0x0 /usr/lib/gcc/avr/5.4.0/avr5/libgcc.a(_prologue.o)
 .text.libgcc.mul
                0x0000000000000000        0x0 /usr/lib/gcc/avr/5.4.0/avr5/libgcc.a(_prologue.o)
 .text.libgcc.div
                0x0000000000000000        0x0 /usr/lib/gcc/avr/5.4.0/avr5/libgcc.a(_prologue.o)
 .text.libgcc   0x0000000000000000        0x0 /usr/lib/gcc/avr/5.4.0/avr5/libgcc.a(_prologue.o)
 .text.libgcc.builtins
                0x0000000000000000        0x0 /usr/lib/gcc/avr/5.4.0/avr5/libgcc.a(_prologue.o)
 .text.libgcc.fmul
                0x0000000000000000        0x0 /usr/lib/gcc/avr/5.4.0/avr5/libgcc.a(_prologue.o)
 .text.libgcc.fixed
                0x0000000000000000        0x0 /usr/lib/gcc/avr/5.4.0/avr5/libgcc.a(_prologue.o)
 .text          0x0000000000000000        0x0 /usr/lib/gcc/avr/5.4.0/avr5/libgcc.a(_epilogue.o)
 .data          0x0000000000000000        0x0 /usr/lib/gcc/avr/5.4.0/avr5/libgcc.a(_epilogue.o)
 .bss           0x0000000000000000        0x0 /usr/lib/gcc/avr/5.4.0/avr5/libgcc.a(_epilogue.o)
 .text.libgcc.mul
                0x0000000000000000        0x0 /usr/lib/gcc/avr/5.4.0/avr5/libgcc.a(_epilogue.o)
 .text.libgcc.div
                0x0000000000000000        0x0 /usr/lib/gcc/avr/5.4.0/avr5/libgcc.a(_epilogue.o)
 .text.libgcc   0x0000000000000000        0x0 /usr/lib/gcc/avr/5.4.0/avr5/libgcc.a(_epilogue.o)
 .text.libgcc.builtins
                0x0000000000000000        0x0 /usr/lib/gcc/avr/5.4.0/avr5/libgcc.a(_epilogue.o)
 .text.libgcc.fmul
                0x0000000000000000        0x0 /usr/lib/gcc/avr/5.4.0/avr5/libgcc.a(_epilogue.o)
 .text.libgcc.fixed
                0x0000000000000000        0x0 /usr/lib/gcc/avr/5.4.0/avr5/libgcc.a(_epilogue.o)

Memory Configuration

Name             Origin             Length             Attributes
text             0x0000000000000000 0x0000000000020000 xr
data             0x0000000000800060 0x000000000000ffa0 rw !x
eeprom           0x0000000000810000 0x0000000000010000 rw !x
fuse             0x0000000000820000 0x0000000000000003 rw !x
lock             0x0000000000830000 0x0000000000000400 rw !x
signature        0x0000000000840000 0x0000000000000400 rw !x
user_signatures  0x0000000000850000 0x0000000000000400 rw !x
*default*        0x0000000000000000 0xffffffffffffffff

Linker script and memory map

Address of section .data set to 0x800100
LOAD ../lib/Atmel.ATmega_DFP.1.3.300.atpack/gcc/dev/atmega328pb/avr5/crtatmega328pb.o
LOAD main.o
LOAD rpubus_manager_state.o
LOAD dtr_transmition.o
LOAD i2c_cmds.o
LOAD smbus_cmds.o
LOAD id_in_ee.o
LOAD adc_burst.o
LOAD references.o
LOAD power_manager.o
LOAD battery_limits.o
LOAD daynight_limits.o
LOAD daynight_state.o
LOAD ../lib/uart.o
LOAD ../lib/adc.o
LOAD ../lib/timers.o
LOAD ../lib/twi0.o
LOAD ../lib/twi1.o
START GROUP
LOAD /usr/lib/gcc/avr/5.4.0/avr5/libgcc.a
LOAD /usr/lib/gcc/avr/5.4.0/../../../avr/lib/avr5/libm.a
LOAD /usr/lib/gcc/avr/5.4.0/../../../avr/lib/avr5/libc.a
LOAD ../lib/Atmel.ATmega_DFP.1.3.300.atpack/gcc/dev/atmega328pb/avr5/libatmega328pb.a
END GROUP
                0x0000000000020000                __TEXT_REGION_LENGTH__ = DEFINED (__TEXT_REGION_LENGTH__)?__TEXT_REGION_LENGTH__:0x20000
                0x000000000000ffa0                __DATA_REGION_LENGTH__ = DEFINED (__DATA_REGION_LENGTH__)?__DATA_REGION_LENGTH__:0xffa0
                0x0000000000010000                __EEPROM_REGION_LENGTH__ = DEFINED (__EEPROM_REGION_LENGTH__)?__EEPROM_REGION_LENGTH__:0x10000
                [0x0000000000000003]                __FUSE_REGION_LENGTH__ = DEFINED (__FUSE_REGION_LENGTH__)?__FUSE_REGION_LENGTH__:0x400
                0x0000000000000400                __LOCK_REGION_LENGTH__ = DEFINED (__LOCK_REGION_LENGTH__)?__LOCK_REGION_LENGTH__:0x400
                0x0000000000000400                __SIGNATURE_REGION_LENGTH__ = DEFINED (__SIGNATURE_REGION_LENGTH__)?__SIGNATURE_REGION_LENGTH__:0x400
                0x0000000000000400                __USER_SIGNATURE_REGION_LENGTH__ = DEFINED (__USER_SIGNATURE_REGION_LENGTH__)?__USER_SIGNATURE_REGION_LENGTH__:0x400

.hash
 *(.hash)

.dynsym
 *(.dynsym)

.dynstr
 *(.dynstr)

.gnu.version
 *(.gnu.version)

.gnu.version_d
 *(.gnu.version_d)

.gnu.version_r
 *(.gnu.version_r)

.rel.init
 *(.rel.init)

.rela.init
 *(.rela.init)

.rel.text
 *(.rel.text)
 *(.rel.text.*)
 *(.rel.gnu.linkonce.t*)

.rela.text
 *(.rela.text)
 *(.rela.text.*)
 *(.rela.gnu.linkonce.t*)

.rel.fini
 *(.rel.fini)

.rela.fini
 *(.rela.fini)

.rel.rodata
 *(.rel.rodata)
 *(.rel.rodata.*)
 *(.rel.gnu.linkonce.r*)

.rela.rodata
 *(.rela.rodata)
 *(.rela.rodata.*)
 *(.rela.gnu.linkonce.r*)

.rel.data
 *(.rel.data)
 *(.rel.data.*)
 *(.rel.gnu.linkonce.d*)

.rela.data
 *(.rela.data)
 *(.rela.data.*)
 *(.rela.gnu.linkonce.d*)

.rel.ctors
 *(.rel.ctors)

.rela.ctors
 *(.rela.ctors)

.rel.dtors
 *(.rel.dtors)

.rela.dtors
 *(.rela.dtors)

.rel.got
 *(.rel.got)

.rela.got
 *(.rela.got)

.rel.bss
 *(.rel.bss)

.rela.bss
 *(.rela.bss)

.rel.plt
 *(.rel.plt)

.rela.plt
 *(.rela.plt)

.text           0x0000000000000000     0x353a
 *(.vectors)
 .vectors       0x0000000000000000       0xb4 ../lib/Atmel.ATmega_DFP.1.3.300.atpack/gcc/dev/atmega328pb/avr5/crtatmega328pb.o
                0x0000000000000000                __vectors
                0x0000000000000000                __vector_default
 *(.vectors)
 *(.progmem.gcc*)
                0x00000000000000b4                . = ALIGN (0x2)
                0x00000000000000b4                __trampolines_start = .
 *(.trampolines)
 .trampolines   0x00000000000000b4        0x0 linker stubs
 *(.trampolines*)
                0x00000000000000b4                __trampolines_end = .
 *libprintf_flt.a:*(.progmem.data)
 *libc.a:*(.progmem.data)
 *(.progmem*)
 .progmem.data.EE_IdTable
                0x00000000000000b4        0x6 id_in_ee.o
                0x00000000000000b4                EE_IdTable
                0x00000000000000ba                . = ALIGN (0x2)
 *(.jumptables)
 *(.jumptables*)
 *(.lowtext)
 *(.lowtext*)
                0x00000000000000ba                __ctors_start = .
 *(.ctors)
                0x00000000000000ba                __ctors_end = .
                0x00000000000000ba                __dtors_start = .
 *(.dtors)
                0x00000000000000ba                __dtors_end = .
 SORT(*)(.ctors)
 SORT(*)(.dtors)
 *(.init0)
 .init0         0x00000000000000ba        0x0 ../lib/Atmel.ATmega_DFP.1.3.300.atpack/gcc/dev/atmega328pb/avr5/crtatmega328pb.o
                0x00000000000000ba                __init
 *(.init0)
 *(.init1)
 *(.init1)
 *(.init2)
 .init2         0x00000000000000ba        0xc ../lib/Atmel.ATmega_DFP.1.3.300.atpack/gcc/dev/atmega328pb/avr5/crtatmega328pb.o
 *(.init2)
 *(.init3)
 *(.init3)
 *(.init4)
 .init4         0x00000000000000c6       0x16 /usr/lib/gcc/avr/5.4.0/avr5/libgcc.a(_copy_data.o)
                0x00000000000000c6                __do_copy_data
 .init4         0x00000000000000dc       0x10 /usr/lib/gcc/avr/5.4.0/avr5/libgcc.a(_clear_bss.o)
                0x00000000000000dc                __do_clear_bss
 *(.init4)
 *(.init5)
 *(.init5)
 *(.init6)
 *(.init6)
 *(.init7)
 *(.init7)
 *(.init8)
 *(.init8)
 *(.init9)
 .init9         0x00000000000000ec        0x8 ../lib/Atmel.ATmega_DFP.1.3.300.atpack/gcc/dev/atmega328pb/avr5/crtatmega328pb.o
 *(.init9)
 *(.text)
 .text          0x00000000000000f4        0x4 ../lib/Atmel.ATmega_DFP.1.3.300.atpack/gcc/dev/atmega328pb/avr5/crtatmega328pb.o
                0x00000000000000f4                __vector_38
                0x00000000000000f4                __vector_22
                0x00000000000000f4                __vector_28
                0x00000000000000f4                __vector_1
                0x00000000000000f4                __vector_32
                0x00000000000000f4                __vector_34
                0x00000000000000f4                __vector_12
                0x00000000000000f4                __bad_interrupt
                0x00000000000000f4                __vector_6
                0x00000000000000f4                __vector_31
                0x00000000000000f4                __vector_35
                0x00000000000000f4                __vector_39
                0x00000000000000f4                __vector_3
                0x00000000000000f4                __vector_23
                0x00000000000000f4                __vector_30
                0x00000000000000f4                __vector_25
                0x00000000000000f4                __vector_11
                0x00000000000000f4                __vector_13
                0x00000000000000f4                __vector_17
                0x00000000000000f4                __vector_7
                0x00000000000000f4                __vector_41
                0x00000000000000f4                __vector_43
                0x00000000000000f4                __vector_27
                0x00000000000000f4                __vector_5
                0x00000000000000f4                __vector_33
                0x00000000000000f4                __vector_37
                0x00000000000000f4                __vector_4
                0x00000000000000f4                __vector_44
                0x00000000000000f4                __vector_9
                0x00000000000000f4                __vector_2
                0x00000000000000f4                __vector_15
                0x00000000000000f4                __vector_36
                0x00000000000000f4                __vector_29
                0x00000000000000f4                __vector_8
                0x00000000000000f4                __vector_26
                0x00000000000000f4                __vector_14
                0x00000000000000f4                __vector_10
                0x00000000000000f4                __vector_20
                0x00000000000000f4                __vector_42
                0x00000000000000f8                . = ALIGN (0x2)
 *(.text.*)
 .text.setup    0x00000000000000f8      0x1ba main.o
                0x00000000000000f8                setup
 .text.startup.main
                0x00000000000002b2       0x5a main.o
                0x00000000000002b2                main
 .text.connect_normal_mode
                0x000000000000030c       0x6a rpubus_manager_state.o
                0x000000000000030c                connect_normal_mode
 .text.connect_bootload_mode
                0x0000000000000376       0x4a rpubus_manager_state.o
                0x0000000000000376                connect_bootload_mode
 .text.connect_lockout_mode
                0x00000000000003c0       0x4a rpubus_manager_state.o
                0x00000000000003c0                connect_lockout_mode
 .text.blink_on_activate
                0x000000000000040a      0x15e rpubus_manager_state.o
                0x000000000000040a                blink_on_activate
 .text.check_Bootload_Time
                0x0000000000000568       0x52 rpubus_manager_state.o
                0x0000000000000568                check_Bootload_Time
 .text.check_lockout
                0x00000000000005ba       0x52 rpubus_manager_state.o
                0x00000000000005ba                check_lockout
 .text.check_shutdown
                0x000000000000060c       0xa2 rpubus_manager_state.o
                0x000000000000060c                check_shutdown
 .text.check_DTR
                0x00000000000006ae      0x174 dtr_transmition.o
                0x00000000000006ae                check_DTR
 .text.check_uart
                0x0000000000000822      0x41e dtr_transmition.o
                0x0000000000000822                check_uart
 .text.fnWtMgrAddr
                0x0000000000000c40       0x1e i2c_cmds.o
                0x0000000000000c40                fnWtMgrAddr
 .text.fnRdBootldAddr
                0x0000000000000c5e        0xa i2c_cmds.o
                0x0000000000000c5e                fnRdBootldAddr
 .text.fnWtBootldAddr
                0x0000000000000c68        0xa i2c_cmds.o
                0x0000000000000c68                fnWtBootldAddr
 .text.fnRdShtdnDtct
                0x0000000000000c72        0xe i2c_cmds.o
                0x0000000000000c72                fnRdShtdnDtct
 .text.fnRdStatus
                0x0000000000000c80       0x12 i2c_cmds.o
                0x0000000000000c80                fnRdStatus
 .text.fnWtStatus
                0x0000000000000c92       0x44 i2c_cmds.o
                0x0000000000000c92                fnWtStatus
 .text.fnRdArduinMode
                0x0000000000000cd6        0xa i2c_cmds.o
                0x0000000000000cd6                fnRdArduinMode
 .text.fnBatStartChrg
                0x0000000000000ce0       0x26 i2c_cmds.o
                0x0000000000000ce0                fnBatStartChrg
 .text.fnBatDoneChrg
                0x0000000000000d06       0x26 i2c_cmds.o
                0x0000000000000d06                fnBatDoneChrg
 .text.fnRdBatChrgTime
                0x0000000000000d2c       0x1c i2c_cmds.o
                0x0000000000000d2c                fnRdBatChrgTime
 .text.fnMorningThreshold
                0x0000000000000d48       0x26 i2c_cmds.o
                0x0000000000000d48                fnMorningThreshold
 .text.fnEveningThreshold
                0x0000000000000d6e       0x26 i2c_cmds.o
                0x0000000000000d6e                fnEveningThreshold
 .text.fnDayNightState
                0x0000000000000d94        0x6 i2c_cmds.o
                0x0000000000000d94                fnDayNightState
 .text.fnRdTimedAccumAltI
                0x0000000000000d9a       0x1c i2c_cmds.o
                0x0000000000000d9a                fnRdTimedAccumAltI
 .text.fnRdTimedAccumPwrI
                0x0000000000000db6       0x1c i2c_cmds.o
                0x0000000000000db6                fnRdTimedAccumPwrI
 .text.fnAnalogRefExternAVCC
                0x0000000000000dd2       0x62 i2c_cmds.o
                0x0000000000000dd2                fnAnalogRefExternAVCC
 .text.fnAnalogRefIntern1V1
                0x0000000000000e34       0x62 i2c_cmds.o
                0x0000000000000e34                fnAnalogRefIntern1V1
 .text.fnMorningDebounce
                0x0000000000000e96       0x62 i2c_cmds.o
                0x0000000000000e96                fnMorningDebounce
 .text.fnEveningDebounce
                0x0000000000000ef8       0x62 i2c_cmds.o
                0x0000000000000ef8                fnEveningDebounce
 .text.fnNull   0x0000000000000f5a        0x2 i2c_cmds.o
                0x0000000000000f5a                fnNull
 .text.fnMillis
                0x0000000000000f5c       0x18 i2c_cmds.o
                0x0000000000000f5c                fnMillis
 .text.fnRdAdcAltI
                0x0000000000000f74       0x16 i2c_cmds.o
                0x0000000000000f74                fnRdAdcAltI
 .text.fnRdAdcAltV
                0x0000000000000f8a       0x16 i2c_cmds.o
                0x0000000000000f8a                fnRdAdcAltV
 .text.fnRdAdcPwrI
                0x0000000000000fa0       0x16 i2c_cmds.o
                0x0000000000000fa0                fnRdAdcPwrI
 .text.fnRdAdcPwrV
                0x0000000000000fb6       0x16 i2c_cmds.o
                0x0000000000000fb6                fnRdAdcPwrV
 .text.fnRdXcvrCntlInTestMode
                0x0000000000000fcc       0xee i2c_cmds.o
                0x0000000000000fcc                fnRdXcvrCntlInTestMode
 .text.fnWtXcvrCntlInTestMode
                0x00000000000010ba       0xf4 i2c_cmds.o
                0x00000000000010ba                fnWtXcvrCntlInTestMode
 .text.fnWtShtdnDtct
                0x00000000000011ae       0x46 i2c_cmds.o
                0x00000000000011ae                fnWtShtdnDtct
 .text.fnRdMgrAddr
                0x00000000000011f4      0x15e i2c_cmds.o
                0x00000000000011f4                fnRdMgrAddr
 .text.fnWtArduinMode
                0x0000000000001352       0x9e i2c_cmds.o
                0x0000000000001352                fnWtArduinMode
 .text.fnStartTestMode
                0x00000000000013f0       0xa4 i2c_cmds.o
                0x00000000000013f0                fnStartTestMode
 .text.fnEndTestMode
                0x0000000000001494       0xdc i2c_cmds.o
                0x0000000000001494                fnEndTestMode
 .text.receive_i2c_event
                0x0000000000001570       0x7a i2c_cmds.o
                0x0000000000001570                receive_i2c_event
 .text.transmit_i2c_event
                0x00000000000015ea       0x1c i2c_cmds.o
                0x00000000000015ea                transmit_i2c_event
 .text.fnRdMgrAddrQuietly
                0x0000000000001606        0x4 i2c_cmds.o
                0x0000000000001606                fnRdMgrAddrQuietly
 .text.receive_smbus_event
                0x000000000000160a       0x12 smbus_cmds.o
                0x000000000000160a                receive_smbus_event
 .text.handle_smbus_receive
                0x000000000000161c       0xe8 smbus_cmds.o
                0x000000000000161c                handle_smbus_receive
 .text.transmit_smbus_event
                0x0000000000001704       0x12 smbus_cmds.o
                0x0000000000001704                transmit_smbus_event
 .text.save_rpu_addr_state
                0x0000000000001716       0x56 id_in_ee.o
                0x0000000000001716                save_rpu_addr_state
 .text.check_for_eeprom_id
                0x000000000000176c       0x36 id_in_ee.o
                0x000000000000176c                check_for_eeprom_id
 .text.adc_burst
                0x00000000000017a2       0xcc adc_burst.o
                0x00000000000017a2                adc_burst
 .text.IsValidValForAvccRef
                0x000000000000186e       0x22 references.o
                0x000000000000186e                IsValidValForAvccRef
 .text.IsValidValFor1V1Ref
                0x0000000000001890       0x22 references.o
                0x0000000000001890                IsValidValFor1V1Ref
 .text.WriteEeReferenceId
                0x00000000000018b2       0x28 references.o
                0x00000000000018b2                WriteEeReferenceId
 .text.WriteEeReferenceAvcc
                0x00000000000018da       0x3c references.o
                0x00000000000018da                WriteEeReferenceAvcc
 .text.WriteEeReference1V1
                0x0000000000001916       0x3c references.o
                0x0000000000001916                WriteEeReference1V1
 .text.LoadAnalogRefFromEEPROM
                0x0000000000001952       0x80 references.o
                0x0000000000001952                LoadAnalogRefFromEEPROM
 .text.CalReferancesFromI2CtoEE
                0x00000000000019d2       0x64 references.o
                0x00000000000019d2                CalReferancesFromI2CtoEE
 .text.check_if_alt_should_be_on
                0x0000000000001a36      0x1de power_manager.o
                0x0000000000001a36                check_if_alt_should_be_on
 .text.IsValidBatHighLimFor12V
                0x0000000000001c14       0x16 battery_limits.o
                0x0000000000001c14                IsValidBatHighLimFor12V
 .text.IsValidBatLowLimFor12V
                0x0000000000001c2a       0x16 battery_limits.o
                0x0000000000001c2a                IsValidBatLowLimFor12V
 .text.IsValidBatHighLimFor24V
                0x0000000000001c40       0x16 battery_limits.o
                0x0000000000001c40                IsValidBatHighLimFor24V
 .text.IsValidBatLowLimFor24V
                0x0000000000001c56       0x16 battery_limits.o
                0x0000000000001c56                IsValidBatLowLimFor24V
 .text.WriteEEBatHighLim
                0x0000000000001c6c       0x2c battery_limits.o
                0x0000000000001c6c                WriteEEBatHighLim
 .text.WriteEEBatLowLim
                0x0000000000001c98       0x2c battery_limits.o
                0x0000000000001c98                WriteEEBatLowLim
 .text.LoadBatLimitsFromEEPROM
                0x0000000000001cc4       0xae battery_limits.o
                0x0000000000001cc4                LoadBatLimitsFromEEPROM
 .text.BatLimitsFromI2CtoEE
                0x0000000000001d72       0x60 battery_limits.o
                0x0000000000001d72                BatLimitsFromI2CtoEE
 .text.IsValidMorningThresholdFor12V
                0x0000000000001dd2       0x16 daynight_limits.o
                0x0000000000001dd2                IsValidMorningThresholdFor12V
 .text.IsValidEveningThresholdFor12V
                0x0000000000001de8       0x16 daynight_limits.o
                0x0000000000001de8                IsValidEveningThresholdFor12V
 .text.IsValidMorningThresholdFor24V
                0x0000000000001dfe       0x16 daynight_limits.o
                0x0000000000001dfe                IsValidMorningThresholdFor24V
 .text.IsValidEveningThresholdFor24V
                0x0000000000001e14       0x16 daynight_limits.o
                0x0000000000001e14                IsValidEveningThresholdFor24V
 .text.IsValidEveningDebounce
                0x0000000000001e2a       0x22 daynight_limits.o
                0x0000000000001e2a                IsValidEveningDebounce
 .text.WriteEEMorningThreshold
                0x0000000000001e4c       0x2c daynight_limits.o
                0x0000000000001e4c                WriteEEMorningThreshold
 .text.WriteEEEveningThreshold
                0x0000000000001e78       0x2c daynight_limits.o
                0x0000000000001e78                WriteEEEveningThreshold
 .text.WriteEEMorningDebounce
                0x0000000000001ea4       0x3c daynight_limits.o
                0x0000000000001ea4                WriteEEMorningDebounce
 .text.WriteEEEveningDebounce
                0x0000000000001ee0       0x3c daynight_limits.o
                0x0000000000001ee0                WriteEEEveningDebounce
 .text.LoadDayNightValuesFromEEPROM
                0x0000000000001f1c      0x158 daynight_limits.o
                0x0000000000001f1c                LoadDayNightValuesFromEEPROM
 .text.DayNightValuesFromI2CtoEE
                0x0000000000002074       0x9a daynight_limits.o
                0x0000000000002074                DayNightValuesFromI2CtoEE
 .text.check_daynight
                0x000000000000210e      0x1d8 daynight_state.o
                0x000000000000210e                check_daynight
 .text.__vector_18
                0x00000000000022e6       0x6a ../lib/uart.o
                0x00000000000022e6                __vector_18
 .text.__vector_19
                0x0000000000002350       0x58 ../lib/uart.o
                0x0000000000002350                __vector_19
 .text.uart0_init
                0x00000000000023a8       0x32 ../lib/uart.o
                0x00000000000023a8                uart0_init
 .text.uart0_getc
                0x00000000000023da       0x3a ../lib/uart.o
                0x00000000000023da                uart0_getc
 .text.uart0_putc
                0x0000000000002414       0x32 ../lib/uart.o
                0x0000000000002414                uart0_putc
 .text.uartstream0_putchar
                0x0000000000002446        0xa ../lib/uart.o
 .text.uart0_available
                0x0000000000002450       0x16 ../lib/uart.o
                0x0000000000002450                uart0_available
 .text.uartstream0_getchar
                0x0000000000002466       0x1a ../lib/uart.o
 .text.uartstream0_init
                0x0000000000002480       0x4e ../lib/uart.o
                0x0000000000002480                uartstream0_init
 .text.__vector_21
                0x00000000000024ce       0xca ../lib/adc.o
                0x00000000000024ce                __vector_21
 .text.init_ADC_single_conversion
                0x0000000000002598       0x36 ../lib/adc.o
                0x0000000000002598                init_ADC_single_conversion
 .text.enable_ADC_auto_conversion
                0x00000000000025ce       0x4c ../lib/adc.o
                0x00000000000025ce                enable_ADC_auto_conversion
 .text.analogRead
                0x000000000000261a       0x58 ../lib/adc.o
                0x000000000000261a                analogRead
 .text.__vector_16
                0x0000000000002672       0x94 ../lib/timers.o
                0x0000000000002672                __vector_16
 .text.millis   0x0000000000002706       0x18 ../lib/timers.o
                0x0000000000002706                millis
 .text.initTimers
                0x000000000000271e       0x88 ../lib/timers.o
                0x000000000000271e                initTimers
 .text.transmit0_default
                0x00000000000027a6        0x2 ../lib/twi0.o
                0x00000000000027a6                transmit0_default
 .text.receive0_default
                0x00000000000027a8        0x2 ../lib/twi0.o
                0x00000000000027a8                receive0_default
 .text.twi0_init
                0x00000000000027aa       0x3c ../lib/twi0.o
                0x00000000000027aa                twi0_init
 .text.twi0_setAddress
                0x00000000000027e6        0x8 ../lib/twi0.o
                0x00000000000027e6                twi0_setAddress
 .text.twi0_transmit
                0x00000000000027ee       0x32 ../lib/twi0.o
                0x00000000000027ee                twi0_transmit
 .text.twi0_attachSlaveRxEvent
                0x0000000000002820        0xa ../lib/twi0.o
                0x0000000000002820                twi0_attachSlaveRxEvent
 .text.twi0_attachSlaveTxEvent
                0x000000000000282a        0xa ../lib/twi0.o
                0x000000000000282a                twi0_attachSlaveTxEvent
 .text.twi0_stop
                0x0000000000002834       0x14 ../lib/twi0.o
                0x0000000000002834                twi0_stop
 .text.twi0_releaseBus
                0x0000000000002848        0xc ../lib/twi0.o
                0x0000000000002848                twi0_releaseBus
 .text.__vector_24
                0x0000000000002854      0x25a ../lib/twi0.o
                0x0000000000002854                __vector_24
 .text.transmit1_default
                0x0000000000002aae        0x2 ../lib/twi1.o
                0x0000000000002aae                transmit1_default
 .text.receive1_default
                0x0000000000002ab0        0x2 ../lib/twi1.o
                0x0000000000002ab0                receive1_default
 .text.twi1_init
                0x0000000000002ab2       0x48 ../lib/twi1.o
                0x0000000000002ab2                twi1_init
 .text.twi1_setAddress
                0x0000000000002afa        0x8 ../lib/twi1.o
                0x0000000000002afa                twi1_setAddress
 .text.twi1_transmit
                0x0000000000002b02       0x32 ../lib/twi1.o
                0x0000000000002b02                twi1_transmit
 .text.twi1_attachSlaveRxEvent
                0x0000000000002b34        0xa ../lib/twi1.o
                0x0000000000002b34                twi1_attachSlaveRxEvent
 .text.twi1_attachSlaveTxEvent
                0x0000000000002b3e        0xa ../lib/twi1.o
                0x0000000000002b3e                twi1_attachSlaveTxEvent
 .text.twi1_stop
                0x0000000000002b48       0x14 ../lib/twi1.o
                0x0000000000002b48                twi1_stop
 .text.twi1_releaseBus
                0x0000000000002b5c        0xc ../lib/twi1.o
                0x0000000000002b5c                twi1_releaseBus
 .text.__vector_40
                0x0000000000002b68      0x284 ../lib/twi1.o
                0x0000000000002b68                __vector_40
 .text.libgcc.div
                0x0000000000002dec       0x28 /usr/lib/gcc/avr/5.4.0/avr5/libgcc.a(_divmodhi4.o)
                0x0000000000002dec                __divmodhi4
                0x0000000000002dec                _div
 .text.libgcc.div
                0x0000000000002e14       0x44 /usr/lib/gcc/avr/5.4.0/avr5/libgcc.a(_udivmodsi4.o)
                0x0000000000002e14                __udivmodsi4
 .text.libgcc.div
                0x0000000000002e58       0x28 /usr/lib/gcc/avr/5.4.0/avr5/libgcc.a(_udivmodhi4.o)
                0x0000000000002e58                __udivmodhi4
 .text.avr-libc
                0x0000000000002e80       0x7c /usr/lib/gcc/avr/5.4.0/../../../avr/lib/avr5/libc.a(fgetc.o)
                0x0000000000002e80                fgetc
 .text.avr-libc
                0x0000000000002efc       0x2c /usr/lib/gcc/avr/5.4.0/../../../avr/lib/avr5/libc.a(printf.o)
                0x0000000000002efc                printf
 .text.avr-libc
                0x0000000000002f28      0x3c2 /usr/lib/gcc/avr/5.4.0/../../../avr/lib/avr5/libc.a(vfprintf_std.o)
                0x0000000000002f28                vfprintf
 .text.avr-libc
                0x00000000000032ea       0x16 /usr/lib/gcc/avr/5.4.0/../../../avr/lib/avr5/libc.a(strnlen_P.o)
                0x00000000000032ea                strnlen_P
 .text.avr-libc
                0x0000000000003300       0x16 /usr/lib/gcc/avr/5.4.0/../../../avr/lib/avr5/libc.a(strnlen.o)
                0x0000000000003300                strnlen
 .text.avr-libc
                0x0000000000003316       0x78 /usr/lib/gcc/avr/5.4.0/../../../avr/lib/avr5/libc.a(fputc.o)
                0x0000000000003316                fputc
 .text.avr-libc
                0x000000000000338e       0xbc /usr/lib/gcc/avr/5.4.0/../../../avr/lib/avr5/libc.a(ultoa_invert.o)
                0x000000000000338e                __ultoa_invert
 .text.avr-libc
                0x000000000000344a       0x10 ../lib/Atmel.ATmega_DFP.1.3.300.atpack/gcc/dev/atmega328pb/avr5/libatmega328pb.a(eerd_byte.o)
                0x000000000000344a                eeprom_read_byte
 .text.avr-libc
                0x000000000000345a        0xc ../lib/Atmel.ATmega_DFP.1.3.300.atpack/gcc/dev/atmega328pb/avr5/libatmega328pb.a(eerd_dword.o)
                0x000000000000345a                eeprom_read_dword
                0x000000000000345a                eeprom_read_float
 .text.avr-libc
                0x0000000000003466        0xc ../lib/Atmel.ATmega_DFP.1.3.300.atpack/gcc/dev/atmega328pb/avr5/libatmega328pb.a(eerd_word.o)
                0x0000000000003466                eeprom_read_word
 .text.avr-libc
                0x0000000000003472       0x1c ../lib/Atmel.ATmega_DFP.1.3.300.atpack/gcc/dev/atmega328pb/avr5/libatmega328pb.a(eewr_byte.o)
                0x0000000000003472                eeprom_write_byte
                0x0000000000003474                eeprom_write_r18
 .text.avr-libc
                0x000000000000348e       0x10 ../lib/Atmel.ATmega_DFP.1.3.300.atpack/gcc/dev/atmega328pb/avr5/libatmega328pb.a(eewr_dword.o)
                0x000000000000348e                eeprom_write_float
                0x000000000000348e                eeprom_write_dword
 .text.avr-libc
                0x000000000000349e        0xa ../lib/Atmel.ATmega_DFP.1.3.300.atpack/gcc/dev/atmega328pb/avr5/libatmega328pb.a(eewr_word.o)
                0x000000000000349e                eeprom_write_word
 .text.avr-libc
                0x00000000000034a8       0x20 ../lib/Atmel.ATmega_DFP.1.3.300.atpack/gcc/dev/atmega328pb/avr5/libatmega328pb.a(eerd_block.o)
                0x00000000000034a8                eeprom_read_block
                0x00000000000034ac                eeprom_read_blraw
 .text.libgcc.prologue
                0x00000000000034c8       0x38 /usr/lib/gcc/avr/5.4.0/avr5/libgcc.a(_prologue.o)
                0x00000000000034c8                __prologue_saves__
 .text.libgcc.prologue
                0x0000000000003500       0x36 /usr/lib/gcc/avr/5.4.0/avr5/libgcc.a(_epilogue.o)
                0x0000000000003500                __epilogue_restores__
                0x0000000000003536                . = ALIGN (0x2)
 *(.fini9)
 .fini9         0x0000000000003536        0x0 /usr/lib/gcc/avr/5.4.0/avr5/libgcc.a(_exit.o)
                0x0000000000003536                exit
                0x0000000000003536                _exit
 *(.fini9)
 *(.fini8)
 *(.fini8)
 *(.fini7)
 *(.fini7)
 *(.fini6)
 *(.fini6)
 *(.fini5)
 *(.fini5)
 *(.fini4)
 *(.fini4)
 *(.fini3)
 *(.fini3)
 *(.fini2)
 *(.fini2)
 *(.fini1)
 *(.fini1)
 *(.fini0)
 .fini0         0x0000000000003536        0x4 /usr/lib/gcc/avr/5.4.0/avr5/libgcc.a(_exit.o)
 *(.fini0)
                0x000000000000353a                _etext = .

.data           0x0000000000800100       0x9c load address 0x000000000000353a
                0x0000000000800100                PROVIDE (__data_start, .)
 *(.data)
 *(.data*)
 .data.uartstream0_f
                0x0000000000800100        0xe ../lib/uart.o
 .data.twi0_onSlaveReceive
                0x000000000080010e        0x2 ../lib/twi0.o
 .data.twi0_onSlaveTransmit
                0x0000000000800110        0x2 ../lib/twi0.o
 .data.twi1_onSlaveReceive
                0x0000000000800112        0x2 ../lib/twi1.o
 .data.twi1_onSlaveTransmit
                0x0000000000800114        0x2 ../lib/twi1.o
 *(.rodata)
 *(.rodata*)
 .rodata.str1.1
                0x0000000000800116        0x5 dtr_transmition.o
 .rodata.str1.1
                0x000000000080011b        0x5 i2c_cmds.o
 .rodata.pf.2147
                0x000000000080011b       0x40 i2c_cmds.o
 .rodata.pf.2217
                0x000000000080015b       0x40 smbus_cmds.o
 *(.gnu.linkonce.d*)
                0x000000000080019c                . = ALIGN (0x2)
 *fill*         0x000000000080019b        0x1 
                0x000000000080019c                _edata = .
                0x000000000080019c                PROVIDE (__data_end, .)

.bss            0x000000000080019c      0x226
                0x000000000080019c                PROVIDE (__bss_start, .)
 *(.bss)
 *(.bss*)
 .bss.i2c0BufferLength
                0x000000000080019c        0x1 i2c_cmds.o
                0x000000000080019c                i2c0BufferLength
 .bss.transmit_data_ready
                0x000000000080019d        0x1 smbus_cmds.o
                0x000000000080019d                transmit_data_ready
 .bss.smbus_oldBufferLength
                0x000000000080019e        0x1 smbus_cmds.o
                0x000000000080019e                smbus_oldBufferLength
 .bss.smbusBufferLength
                0x000000000080019f        0x1 smbus_cmds.o
                0x000000000080019f                smbusBufferLength
 .bss.UART0_LastRxError
                0x00000000008001a0        0x1 ../lib/uart.o
 .bss.UART0_RxTail
                0x00000000008001a1        0x1 ../lib/uart.o
 .bss.UART0_RxHead
                0x00000000008001a2        0x1 ../lib/uart.o
 .bss.UART0_TxTail
                0x00000000008001a3        0x1 ../lib/uart.o
 .bss.UART0_TxHead
                0x00000000008001a4        0x1 ../lib/uart.o
 .bss.UART_RxBuf
                0x00000000008001a5       0x20 ../lib/uart.o
 .bss.UART_TxBuf
                0x00000000008001c5       0x20 ../lib/uart.o
 .bss.free_running
                0x00000000008001e5        0x1 ../lib/adc.o
 .bss.timer0_fract
                0x00000000008001e6        0x1 ../lib/timers.o
 .bss.timer0_millis
                0x00000000008001e7        0x4 ../lib/timers.o
                0x00000000008001e7                timer0_millis
 .bss.timer0_overflow_count
                0x00000000008001eb        0x4 ../lib/timers.o
                0x00000000008001eb                timer0_overflow_count
 .bss.twi0_error
                0x00000000008001ef        0x1 ../lib/twi0.o
 .bss.twi0_rxBufferIndex
                0x00000000008001f0        0x1 ../lib/twi0.o
 .bss.twi0_rxBuffer
                0x00000000008001f1       0x20 ../lib/twi0.o
 .bss.twi0_txBufferLength
                0x0000000000800211        0x1 ../lib/twi0.o
 .bss.twi0_txBufferIndex
                0x0000000000800212        0x1 ../lib/twi0.o
 .bss.twi0_txBuffer
                0x0000000000800213       0x20 ../lib/twi0.o
 .bss.twi0_masterBufferLength
                0x0000000000800233        0x1 ../lib/twi0.o
 .bss.twi0_masterBufferIndex
                0x0000000000800234        0x1 ../lib/twi0.o
 .bss.twi0_masterBuffer
                0x0000000000800235       0x20 ../lib/twi0.o
 .bss.twi0_inRepStart
                0x0000000000800255        0x1 ../lib/twi0.o
 .bss.twi0_sendStop
                0x0000000000800256        0x1 ../lib/twi0.o
 .bss.twi0_slarw
                0x0000000000800257        0x1 ../lib/twi0.o
 .bss.twi0_state
                0x0000000000800258        0x1 ../lib/twi0.o
 .bss.twi1_error
                0x0000000000800259        0x1 ../lib/twi1.o
 .bss.twi1_rxBufferIndex
                0x000000000080025a        0x1 ../lib/twi1.o
 .bss.twi1_rxBuffer
                0x000000000080025b        0x2 ../lib/twi1.o
 .bss.twi1_rxBufferB
                0x000000000080025d       0x20 ../lib/twi1.o
 .bss.twi1_rxBufferA
                0x000000000080027d       0x20 ../lib/twi1.o
 .bss.twi1_txBufferLength
                0x000000000080029d        0x1 ../lib/twi1.o
 .bss.twi1_txBufferIndex
                0x000000000080029e        0x1 ../lib/twi1.o
 .bss.twi1_txBuffer
                0x000000000080029f       0x20 ../lib/twi1.o
 .bss.twi1_masterBufferLength
                0x00000000008002bf        0x1 ../lib/twi1.o
 .bss.twi1_masterBufferIndex
                0x00000000008002c0        0x1 ../lib/twi1.o
 .bss.twi1_masterBuffer
                0x00000000008002c1       0x20 ../lib/twi1.o
 .bss.twi1_inRepStart
                0x00000000008002e1        0x1 ../lib/twi1.o
 .bss.twi1_sendStop
                0x00000000008002e2        0x1 ../lib/twi1.o
 .bss.twi1_slarw
                0x00000000008002e3        0x1 ../lib/twi1.o
 .bss.twi1_state
                0x00000000008002e4        0x1 ../lib/twi1.o
 *(COMMON)
 COMMON         0x00000000008002e5       0x22 rpubus_manager_state.o
                0x00000000008002e5                bootloader_started_at
                0x00000000008002e9                lockout_started_at
                0x00000000008002ed                test_mode_started
                0x00000000008002ee                lockout_active
                0x00000000008002ef                bootloader_started
                0x00000000008002f0                status_byt
                0x00000000008002f1                localhost_active
                0x00000000008002f2                shutdown_started
                0x00000000008002f3                shutdown_detected
                0x00000000008002f4                transceiver_state
                0x00000000008002f5                write_rpu_address_to_eeprom
                0x00000000008002f6                local_mcu_is_rpu_aware
                0x00000000008002f7                host_is_foreign
                0x00000000008002f8                blink_started_at
                0x00000000008002fc                arduino_mode
                0x00000000008002fd                shutdown_started_at
                0x0000000000800301                bootloader_address
                0x0000000000800302                rpu_address
                0x0000000000800303                host_active
                0x0000000000800304                arduino_mode_started
                0x0000000000800305                uart_has_TTL
                0x0000000000800306                test_mode
 COMMON         0x0000000000800307        0x6 dtr_transmition.o
                0x0000000000800307                uart_output
                0x0000000000800308                uart_previous_byte
                0x0000000000800309                uart_started_at
 COMMON         0x000000000080030d       0x20 i2c_cmds.o
                0x000000000080030d                i2c0Buffer
 COMMON         0x000000000080032d       0x44 smbus_cmds.o
                0x000000000080032d                smbusBuffer
                0x000000000080034d                inBytes_to_handle
                0x000000000080034f                smbus_has_numBytes_to_handle
                0x0000000000800351                smbus_oldBuffer
 COMMON         0x0000000000800371        0xc adc_burst.o
                0x0000000000800371                accumulate_alt_ti
                0x0000000000800375                accumulate_pwr_ti
                0x0000000000800379                adc_started_at
 COMMON         0x000000000080037d        0x9 references.o
                0x000000000080037d                ref_loaded
                0x000000000080037e                ref_extern_avcc_uV
                0x0000000000800382                ref_intern_1v1_uV
 COMMON         0x0000000000800386        0xa power_manager.o
                0x0000000000800386                enable_alternate_power
                0x0000000000800387                enable_sbc_power
                0x0000000000800388                alt_pwm_started_at
                0x000000000080038c                alt_pwm_accum_charge_time
 COMMON         0x0000000000800390        0x5 battery_limits.o
                0x0000000000800390                battery_high_limit
                0x0000000000800392                bat_limit_loaded
                0x0000000000800393                battery_low_limit
 COMMON         0x0000000000800395        0xd daynight_limits.o
                0x0000000000800395                daynight_evening_debounce
                0x0000000000800399                daynight_morning_threshold
                0x000000000080039b                daynight_values_loaded
                0x000000000080039c                daynight_evening_threshold
                0x000000000080039e                daynight_morning_debounce
 COMMON         0x00000000008003a2        0x5 daynight_state.o
                0x00000000008003a2                daynight_state
                0x00000000008003a3                dayTmrStarted
 COMMON         0x00000000008003a7       0x15 ../lib/adc.o
                0x00000000008003a7                adc_channel
                0x00000000008003a8                analog_reference
                0x00000000008003a9                adc
                0x00000000008003bb                ADC_auto_conversion
 COMMON         0x00000000008003bc        0x6 /usr/lib/gcc/avr/5.4.0/../../../avr/lib/avr5/libc.a(iob.o)
                0x00000000008003bc                __iob
                0x00000000008003c2                PROVIDE (__bss_end, .)
                0x000000000000353a                __data_load_start = LOADADDR (.data)
                0x00000000000035d6                __data_load_end = (__data_load_start + SIZEOF (.data))

.noinit         0x00000000008003c2        0x0
                [!provide]                        PROVIDE (__noinit_start, .)
 *(.noinit*)
                [!provide]                        PROVIDE (__noinit_end, .)
                0x00000000008003c2                _end = .
                [!provide]                        PROVIDE (__heap_start, .)

.eeprom         0x0000000000810000        0x0
 *(.eeprom*)
                0x0000000000810000                __eeprom_end = .

.fuse
 *(.fuse)
 *(.lfuse)
 *(.hfuse)
 *(.efuse)

.lock
 *(.lock*)

.signature
 *(.signature*)

.user_signatures
 *(.user_signatures*)

.stab           0x0000000000000000     0xbe20
 *(.stab)
 .stab          0x0000000000000000     0x1278 main.o
 .stab          0x0000000000001278     0x17b8 rpubus_manager_state.o
                                       0x19f8 (size before relaxing)
 .stab          0x0000000000002a30     0x1428 dtr_transmition.o
                                       0x1680 (size before relaxing)
 .stab          0x0000000000003e58     0x2118 i2c_cmds.o
                                       0x2364 (size before relaxing)
 .stab          0x0000000000005f70      0x5f4 smbus_cmds.o
                                        0x84c (size before relaxing)
 .stab          0x0000000000006564      0x48c id_in_ee.o
                                        0x6a8 (size before relaxing)
 .stab          0x00000000000069f0      0x384 adc_burst.o
                                        0x564 (size before relaxing)
 .stab          0x0000000000006d74      0x804 references.o
                                        0xa38 (size before relaxing)
 .stab          0x0000000000007578      0x6fc power_manager.o
                                        0x954 (size before relaxing)
 .stab          0x0000000000007c74      0x7c8 battery_limits.o
                                        0xa5c (size before relaxing)
 .stab          0x000000000000843c      0xabc daynight_limits.o
                                        0xd50 (size before relaxing)
 .stab          0x0000000000008ef8      0x558 daynight_state.o
                                        0x7b0 (size before relaxing)
 .stab          0x0000000000009450      0x918 ../lib/uart.o
                                        0xc78 (size before relaxing)
 .stab          0x0000000000009d68      0x72c ../lib/adc.o
                                        0x978 (size before relaxing)
 .stab          0x000000000000a494      0x57c ../lib/timers.o
                                        0x828 (size before relaxing)
 .stab          0x000000000000aa10      0x9e4 ../lib/twi0.o
                                        0xfcc (size before relaxing)
 .stab          0x000000000000b3f4      0xa2c ../lib/twi1.o
                                       0x1014 (size before relaxing)

.stabstr        0x0000000000000000     0x2f21
 *(.stabstr)
 .stabstr       0x0000000000000000     0x2f21 main.o

.stab.excl
 *(.stab.excl)

.stab.exclstr
 *(.stab.exclstr)

.stab.index
 *(.stab.index)

.stab.indexstr
 *(.stab.indexstr)

.comment        0x0000000000000000       0x11
 *(.comment)
 .comment       0x0000000000000000       0x11 main.o
                                         0x12 (size before relaxing)
 .comment       0x0000000000000011       0x12 rpubus_manager_state.o
 .comment       0x0000000000000011       0x12 dtr_transmition.o
 .comment       0x0000000000000011       0x12 i2c_cmds.o
 .comment       0x0000000000000011       0x12 smbus_cmds.o
 .comment       0x0000000000000011       0x12 id_in_ee.o
 .comment       0x0000000000000011       0x12 adc_burst.o
 .comment       0x0000000000000011       0x12 references.o
 .comment       0x0000000000000011       0x12 power_manager.o
 .comment       0x0000000000000011       0x12 battery_limits.o
 .comment       0x0000000000000011       0x12 daynight_limits.o
 .comment       0x0000000000000011       0x12 daynight_state.o
 .comment       0x0000000000000011       0x12 ../lib/uart.o
 .comment       0x0000000000000011       0x12 ../lib/adc.o
 .comment       0x0000000000000011       0x12 ../lib/timers.o
 .comment       0x0000000000000011       0x12 ../lib/twi0.o
 .comment       0x0000000000000011       0x12 ../lib/twi1.o
 .comment       0x0000000000000011       0x12 /usr/lib/gcc/avr/5.4.0/../../../avr/lib/avr5/libc.a(fgetc.o)
 .comment       0x0000000000000011       0x12 /usr/lib/gcc/avr/5.4.0/../../../avr/lib/avr5/libc.a(iob.o)
 .comment       0x0000000000000011       0x12 /usr/lib/gcc/avr/5.4.0/../../../avr/lib/avr5/libc.a(printf.o)
 .comment       0x0000000000000011       0x12 /usr/lib/gcc/avr/5.4.0/../../../avr/lib/avr5/libc.a(vfprintf_std.o)
 .comment       0x0000000000000011       0x12 /usr/lib/gcc/avr/5.4.0/../../../avr/lib/avr5/libc.a(fputc.o)

.note.gnu.avr.deviceinfo
                0x0000000000000000       0x40
 .note.gnu.avr.deviceinfo
                0x0000000000000000       0x40 ../lib/Atmel.ATmega_DFP.1.3.300.atpack/gcc/dev/atmega328pb/avr5/crtatmega328pb.o

.note.gnu.build-id
 *(.note.gnu.build-id)

.debug
 *(.debug)

.line
 *(.line)

.debug_srcinfo
 *(.debug_srcinfo)

.debug_sfnames
 *(.debug_sfnames)

.debug_aranges  0x0000000000000000       0xe0
 *(.debug_aranges)
 .debug_aranges
                0x0000000000000000       0x20 ../lib/Atmel.ATmega_DFP.1.3.300.atpack/gcc/dev/atmega328pb/avr5/libatmega328pb.a(eerd_byte.o)
 .debug_aranges
                0x0000000000000020       0x20 ../lib/Atmel.ATmega_DFP.1.3.300.atpack/gcc/dev/atmega328pb/avr5/libatmega328pb.a(eerd_dword.o)
 .debug_aranges
                0x0000000000000040       0x20 ../lib/Atmel.ATmega_DFP.1.3.300.atpack/gcc/dev/atmega328pb/avr5/libatmega328pb.a(eerd_word.o)
 .debug_aranges
                0x0000000000000060       0x20 ../lib/Atmel.ATmega_DFP.1.3.300.atpack/gcc/dev/atmega328pb/avr5/libatmega328pb.a(eewr_byte.o)
 .debug_aranges
                0x0000000000000080       0x20 ../lib/Atmel.ATmega_DFP.1.3.300.atpack/gcc/dev/atmega328pb/avr5/libatmega328pb.a(eewr_dword.o)
 .debug_aranges
                0x00000000000000a0       0x20 ../lib/Atmel.ATmega_DFP.1.3.300.atpack/gcc/dev/atmega328pb/avr5/libatmega328pb.a(eewr_word.o)
 .debug_aranges
                0x00000000000000c0       0x20 ../lib/Atmel.ATmega_DFP.1.3.300.atpack/gcc/dev/atmega328pb/avr5/libatmega328pb.a(eerd_block.o)

.debug_pubnames
 *(.debug_pubnames)

.debug_info     0x0000000000000000      0xd2a
 *(.debug_info .gnu.linkonce.wi.*)
 .debug_info    0x0000000000000000      0x8ea ../lib/Atmel.ATmega_DFP.1.3.300.atpack/gcc/dev/atmega328pb/avr5/crtatmega328pb.o
 .debug_info    0x00000000000008ea       0x9b ../lib/Atmel.ATmega_DFP.1.3.300.atpack/gcc/dev/atmega328pb/avr5/libatmega328pb.a(eerd_byte.o)
 .debug_info    0x0000000000000985       0x9c ../lib/Atmel.ATmega_DFP.1.3.300.atpack/gcc/dev/atmega328pb/avr5/libatmega328pb.a(eerd_dword.o)
 .debug_info    0x0000000000000a21       0x9b ../lib/Atmel.ATmega_DFP.1.3.300.atpack/gcc/dev/atmega328pb/avr5/libatmega328pb.a(eerd_word.o)
 .debug_info    0x0000000000000abc       0x9b ../lib/Atmel.ATmega_DFP.1.3.300.atpack/gcc/dev/atmega328pb/avr5/libatmega328pb.a(eewr_byte.o)
 .debug_info    0x0000000000000b57       0x9c ../lib/Atmel.ATmega_DFP.1.3.300.atpack/gcc/dev/atmega328pb/avr5/libatmega328pb.a(eewr_dword.o)
 .debug_info    0x0000000000000bf3       0x9b ../lib/Atmel.ATmega_DFP.1.3.300.atpack/gcc/dev/atmega328pb/avr5/libatmega328pb.a(eewr_word.o)
 .debug_info    0x0000000000000c8e       0x9c ../lib/Atmel.ATmega_DFP.1.3.300.atpack/gcc/dev/atmega328pb/avr5/libatmega328pb.a(eerd_block.o)

.debug_abbrev   0x0000000000000000      0x8fa
 *(.debug_abbrev)
 .debug_abbrev  0x0000000000000000      0x86e ../lib/Atmel.ATmega_DFP.1.3.300.atpack/gcc/dev/atmega328pb/avr5/crtatmega328pb.o
 .debug_abbrev  0x000000000000086e       0x14 ../lib/Atmel.ATmega_DFP.1.3.300.atpack/gcc/dev/atmega328pb/avr5/libatmega328pb.a(eerd_byte.o)
 .debug_abbrev  0x0000000000000882       0x14 ../lib/Atmel.ATmega_DFP.1.3.300.atpack/gcc/dev/atmega328pb/avr5/libatmega328pb.a(eerd_dword.o)
 .debug_abbrev  0x0000000000000896       0x14 ../lib/Atmel.ATmega_DFP.1.3.300.atpack/gcc/dev/atmega328pb/avr5/libatmega328pb.a(eerd_word.o)
 .debug_abbrev  0x00000000000008aa       0x14 ../lib/Atmel.ATmega_DFP.1.3.300.atpack/gcc/dev/atmega328pb/avr5/libatmega328pb.a(eewr_byte.o)
 .debug_abbrev  0x00000000000008be       0x14 ../lib/Atmel.ATmega_DFP.1.3.300.atpack/gcc/dev/atmega328pb/avr5/libatmega328pb.a(eewr_dword.o)
 .debug_abbrev  0x00000000000008d2       0x14 ../lib/Atmel.ATmega_DFP.1.3.300.atpack/gcc/dev/atmega328pb/avr5/libatmega328pb.a(eewr_word.o)
 .debug_abbrev  0x00000000000008e6       0x14 ../lib/Atmel.ATmega_DFP.1.3.300.atpack/gcc/dev/atmega328pb/avr5/libatmega328pb.a(eerd_block.o)

.debug_line     0x0000000000000000      0x4fa
 *(.debug_line .debug_line.* .debug_line_end)
 .debug_line    0x0000000000000000      0x1a5 ../lib/Atmel.ATmega_DFP.1.3.300.atpack/gcc/dev/atmega328pb/avr5/crtatmega328pb.o
 .debug_line    0x00000000000001a5       0x7a ../lib/Atmel.ATmega_DFP.1.3.300.atpack/gcc/dev/atmega328pb/avr5/libatmega328pb.a(eerd_byte.o)
 .debug_line    0x000000000000021f       0x68 ../lib/Atmel.ATmega_DFP.1.3.300.atpack/gcc/dev/atmega328pb/avr5/libatmega328pb.a(eerd_dword.o)
 .debug_line    0x0000000000000287       0x67 ../lib/Atmel.ATmega_DFP.1.3.300.atpack/gcc/dev/atmega328pb/avr5/libatmega328pb.a(eerd_word.o)
 .debug_line    0x00000000000002ee       0x9e ../lib/Atmel.ATmega_DFP.1.3.300.atpack/gcc/dev/atmega328pb/avr5/libatmega328pb.a(eewr_byte.o)
 .debug_line    0x000000000000038c       0x68 ../lib/Atmel.ATmega_DFP.1.3.300.atpack/gcc/dev/atmega328pb/avr5/libatmega328pb.a(eewr_dword.o)
 .debug_line    0x00000000000003f4       0x5b ../lib/Atmel.ATmega_DFP.1.3.300.atpack/gcc/dev/atmega328pb/avr5/libatmega328pb.a(eewr_word.o)
 .debug_line    0x000000000000044f       0xab ../lib/Atmel.ATmega_DFP.1.3.300.atpack/gcc/dev/atmega328pb/avr5/libatmega328pb.a(eerd_block.o)

.debug_frame
 *(.debug_frame)

.debug_str      0x0000000000000000      0x318
 *(.debug_str)
 .debug_str     0x0000000000000000      0x318 ../lib/Atmel.ATmega_DFP.1.3.300.atpack/gcc/dev/atmega328pb/avr5/crtatmega328pb.o

.debug_loc
 *(.debug_loc)

.debug_macinfo
 *(.debug_macinfo)

.debug_weaknames
 *(.debug_weaknames)

.debug_funcnames
 *(.debug_funcnames)

.debug_typenames
 *(.debug_typenames)

.debug_varnames
 *(.debug_varnames)

.debug_pubtypes
 *(.debug_pubtypes)

.debug_ranges
 *(.debug_ranges)

.debug_macro
 *(.debug_macro)
OUTPUT(manager.elf elf32-avr)
LOAD linker stubs
