Archive member included to satisfy reference by file (symbol)

/usr/lib/gcc/avr/5.4.0/avr5/libgcc.a(_divmodhi4.o)
                              power_manager.o (__divmodhi4)
/usr/lib/gcc/avr/5.4.0/avr5/libgcc.a(_udivmodsi4.o)
                              ../lib/twi0.o (__udivmodsi4)
/usr/lib/gcc/avr/5.4.0/avr5/libgcc.a(_exit.o)
                              ../lib/ATmega_DFP/gcc/dev/atmega328pb/avr5/crtatmega328pb.o (exit)
/usr/lib/gcc/avr/5.4.0/avr5/libgcc.a(_copy_data.o)
                              dtr_transmition.o (__do_copy_data)
/usr/lib/gcc/avr/5.4.0/avr5/libgcc.a(_clear_bss.o)
                              rpubus_manager_state.o (__do_clear_bss)
/usr/lib/gcc/avr/5.4.0/avr5/libgcc.a(_muluhisi3.o)
                              ../lib/timers.o (__muluhisi3)
/usr/lib/gcc/avr/5.4.0/avr5/libgcc.a(_udivmodhi4.o)
                              /usr/lib/gcc/avr/5.4.0/avr5/libgcc.a(_divmodhi4.o) (__udivmodhi4)
/usr/lib/gcc/avr/5.4.0/avr5/libgcc.a(_umulhisi3.o)
                              /usr/lib/gcc/avr/5.4.0/avr5/libgcc.a(_muluhisi3.o) (__umulhisi3)
/usr/lib/gcc/avr/5.4.0/../../../avr/lib/avr5/libm.a(cmpsf2.o)
                              references.o (__ltsf2)
/usr/lib/gcc/avr/5.4.0/../../../avr/lib/avr5/libm.a(fp_cmp.o)
                              /usr/lib/gcc/avr/5.4.0/../../../avr/lib/avr5/libm.a(cmpsf2.o) (__fp_cmp)
/usr/lib/gcc/avr/5.4.0/../../../avr/lib/avr5/libm.a(gesf2.o)
                              references.o (__gtsf2)
/usr/lib/gcc/avr/5.4.0/../../../avr/lib/avr5/libc.a(fgetc.o)
                              dtr_transmition.o (fgetc)
/usr/lib/gcc/avr/5.4.0/../../../avr/lib/avr5/libc.a(iob.o)
                              dtr_transmition.o (__iob)
/usr/lib/gcc/avr/5.4.0/../../../avr/lib/avr5/libc.a(printf.o)
                              dtr_transmition.o (printf)
/usr/lib/gcc/avr/5.4.0/../../../avr/lib/avr5/libc.a(vfprintf_std.o)
                              /usr/lib/gcc/avr/5.4.0/../../../avr/lib/avr5/libc.a(printf.o) (vfprintf)
/usr/lib/gcc/avr/5.4.0/../../../avr/lib/avr5/libc.a(strnlen_P.o)
                              /usr/lib/gcc/avr/5.4.0/../../../avr/lib/avr5/libc.a(vfprintf_std.o) (strnlen_P)
/usr/lib/gcc/avr/5.4.0/../../../avr/lib/avr5/libc.a(strnlen.o)
                              /usr/lib/gcc/avr/5.4.0/../../../avr/lib/avr5/libc.a(vfprintf_std.o) (strnlen)
/usr/lib/gcc/avr/5.4.0/../../../avr/lib/avr5/libc.a(fputc.o)
                              /usr/lib/gcc/avr/5.4.0/../../../avr/lib/avr5/libc.a(vfprintf_std.o) (fputc)
/usr/lib/gcc/avr/5.4.0/../../../avr/lib/avr5/libc.a(ultoa_invert.o)
                              /usr/lib/gcc/avr/5.4.0/../../../avr/lib/avr5/libc.a(vfprintf_std.o) (__ultoa_invert)
../lib/ATmega_DFP/gcc/dev/atmega328pb/avr5/libatmega328pb.a(eerd_byte.o)
                              id_in_ee.o (eeprom_read_byte)
../lib/ATmega_DFP/gcc/dev/atmega328pb/avr5/libatmega328pb.a(eerd_dword.o)
                              references.o (eeprom_read_dword)
../lib/ATmega_DFP/gcc/dev/atmega328pb/avr5/libatmega328pb.a(eerd_word.o)
                              references.o (eeprom_read_word)
../lib/ATmega_DFP/gcc/dev/atmega328pb/avr5/libatmega328pb.a(eeupd_byte.o)
                              id_in_ee.o (eeprom_update_byte)
../lib/ATmega_DFP/gcc/dev/atmega328pb/avr5/libatmega328pb.a(eeupd_dword.o)
                              references.o (eeprom_update_dword)
../lib/ATmega_DFP/gcc/dev/atmega328pb/avr5/libatmega328pb.a(eeupd_word.o)
                              references.o (eeprom_update_word)
../lib/ATmega_DFP/gcc/dev/atmega328pb/avr5/libatmega328pb.a(eerd_block.o)
                              ../lib/ATmega_DFP/gcc/dev/atmega328pb/avr5/libatmega328pb.a(eerd_dword.o) (eeprom_read_blraw)
/usr/lib/gcc/avr/5.4.0/avr5/libgcc.a(_prologue.o)
                              /usr/lib/gcc/avr/5.4.0/../../../avr/lib/avr5/libc.a(printf.o) (__prologue_saves__)
/usr/lib/gcc/avr/5.4.0/avr5/libgcc.a(_epilogue.o)
                              /usr/lib/gcc/avr/5.4.0/../../../avr/lib/avr5/libc.a(printf.o) (__epilogue_restores__)

Allocating common symbols
Common symbol       size              file

bootloader_started_at
                    0x4               rpubus_manager_state.o
ref_loaded          0x1               references.o
daynight_evening_debounce
                    0x4               daynight_limits.o
lockout_started_at  0x4               rpubus_manager_state.o
daynight_morning_threshold
                    0x2               daynight_limits.o
test_mode_started   0x1               rpubus_manager_state.o
enable_alternate_power
                    0x1               power_manager.o
ref_extern_avcc_uV  0x4               references.o
daynight_values_loaded
                    0x1               daynight_limits.o
lockout_active      0x1               rpubus_manager_state.o
bootloader_started  0x1               rpubus_manager_state.o
daynight_evening_threshold
                    0x2               daynight_limits.o
uart_output         0x1               dtr_transmition.o
status_byt          0x1               rpubus_manager_state.o
adc_channel         0x1               ../lib/adc_bsd.o
ref_intern_1v1_uV   0x4               references.o
localhost_active    0x1               rpubus_manager_state.o
daynight_state      0x1               daynight_state.o
smbusBuffer         0x20              smbus_cmds.o
uart_previous_byte  0x1               dtr_transmition.o
shutdown_started    0x1               rpubus_manager_state.o
shutdown_detected   0x1               rpubus_manager_state.o
daynight_work       0x1               daynight_state.o
my_mcu_is_target_and_i_have_it_reset
                    0x1               dtr_transmition.o
inBytes_to_handle   0x2               smbus_cmds.o
transceiver_state   0x1               rpubus_manager_state.o
write_rpu_address_to_eeprom
                    0x1               rpubus_manager_state.o
alt_pwm_started_at  0x4               power_manager.o
smbus_has_numBytes_to_handle
                    0x2               smbus_cmds.o
accumulate_alt_ti   0x4               adc_burst.o
analog_reference    0x1               ../lib/adc_bsd.o
local_mcu_is_rpu_aware
                    0x1               rpubus_manager_state.o
i2c0Buffer          0x20              i2c_cmds.o
alt_pwm_accum_charge_time
                    0x4               power_manager.o
cal_loaded          0x1               calibration_limits.o
calMap              0x10              calibration_limits.o
host_is_foreign     0x1               rpubus_manager_state.o
adc                 0x10              ../lib/adc_bsd.o
blink_started_at    0x4               rpubus_manager_state.o
battery_high_limit  0x2               battery_limits.o
uart_started_at     0x4               dtr_transmition.o
arduino_mode        0x1               rpubus_manager_state.o
shutdown_started_at
                    0x4               rpubus_manager_state.o
bootloader_address  0x1               rpubus_manager_state.o
daynight_morning_debounce
                    0x4               daynight_limits.o
rpu_address         0x1               rpubus_manager_state.o
accumulate_pwr_ti   0x4               adc_burst.o
adc_started_at      0x4               adc_burst.o
target_reset_started_at
                    0x4               dtr_transmition.o
host_active         0x1               rpubus_manager_state.o
arduino_mode_started
                    0x1               rpubus_manager_state.o
UART0_error         0x1               ../lib/uart0_bsd.o
uart_has_TTL        0x1               rpubus_manager_state.o
dayTmrStarted       0x4               daynight_state.o
ADC_auto_conversion
                    0x1               ../lib/adc_bsd.o
smbus_oldBuffer     0x20              smbus_cmds.o
channel_with_writebit
                    0x1               calibration_limits.o
bat_limit_loaded    0x1               battery_limits.o
test_mode           0x1               rpubus_manager_state.o
adc_isr_status      0x1               ../lib/adc_bsd.o
__iob               0x6               /usr/lib/gcc/avr/5.4.0/../../../avr/lib/avr5/libc.a(iob.o)
battery_low_limit   0x2               battery_limits.o

Discarded input sections

 .data          0x0000000000000000        0x0 ../lib/ATmega_DFP/gcc/dev/atmega328pb/avr5/crtatmega328pb.o
 .bss           0x0000000000000000        0x0 ../lib/ATmega_DFP/gcc/dev/atmega328pb/avr5/crtatmega328pb.o
 .text          0x0000000000000000        0x0 rpubus_manager_state.o
 .data          0x0000000000000000        0x0 rpubus_manager_state.o
 .bss           0x0000000000000000        0x0 rpubus_manager_state.o
 .text          0x0000000000000000        0x0 dtr_transmition.o
 .data          0x0000000000000000        0x0 dtr_transmition.o
 .bss           0x0000000000000000        0x0 dtr_transmition.o
 .text          0x0000000000000000        0x0 i2c_cmds.o
 .data          0x0000000000000000        0x0 i2c_cmds.o
 .bss           0x0000000000000000        0x0 i2c_cmds.o
 .text          0x0000000000000000        0x0 smbus_cmds.o
 .data          0x0000000000000000        0x0 smbus_cmds.o
 .bss           0x0000000000000000        0x0 smbus_cmds.o
 .text          0x0000000000000000        0x0 id_in_ee.o
 .data          0x0000000000000000        0x0 id_in_ee.o
 .bss           0x0000000000000000        0x0 id_in_ee.o
 .text          0x0000000000000000        0x0 adc_burst.o
 .data          0x0000000000000000        0x0 adc_burst.o
 .bss           0x0000000000000000        0x0 adc_burst.o
 .text          0x0000000000000000        0x0 references.o
 .data          0x0000000000000000        0x0 references.o
 .bss           0x0000000000000000        0x0 references.o
 .text          0x0000000000000000        0x0 power_manager.o
 .data          0x0000000000000000        0x0 power_manager.o
 .bss           0x0000000000000000        0x0 power_manager.o
 .text          0x0000000000000000        0x0 battery_limits.o
 .data          0x0000000000000000        0x0 battery_limits.o
 .bss           0x0000000000000000        0x0 battery_limits.o
 .text          0x0000000000000000        0x0 daynight_limits.o
 .data          0x0000000000000000        0x0 daynight_limits.o
 .bss           0x0000000000000000        0x0 daynight_limits.o
 .text.IsValidMorningDebounce
                0x0000000000000000        0x4 daynight_limits.o
 .text          0x0000000000000000        0x0 daynight_state.o
 .data          0x0000000000000000        0x0 daynight_state.o
 .bss           0x0000000000000000        0x0 daynight_state.o
 .text          0x0000000000000000        0x0 ../lib/adc.o
 .data          0x0000000000000000        0x0 ../lib/adc.o
 .bss           0x0000000000000000        0x0 ../lib/adc.o
 .text          0x0000000000000000        0x0 ../lib/adc_bsd.o
 .data          0x0000000000000000        0x0 ../lib/adc_bsd.o
 .bss           0x0000000000000000        0x0 ../lib/adc_bsd.o
 .text          0x0000000000000000        0x0 ../lib/timers.o
 .data          0x0000000000000000        0x0 ../lib/timers.o
 .bss           0x0000000000000000        0x0 ../lib/timers.o
 .text.micros   0x0000000000000000       0x46 ../lib/timers.o
 .text          0x0000000000000000        0x0 ../lib/twi0.o
 .data          0x0000000000000000        0x0 ../lib/twi0.o
 .bss           0x0000000000000000        0x0 ../lib/twi0.o
 .text.twi0_disable
                0x0000000000000000       0x1c ../lib/twi0.o
 .text.twi0_setFrequency
                0x0000000000000000       0x28 ../lib/twi0.o
 .text.twi0_readFrom
                0x0000000000000000       0x90 ../lib/twi0.o
 .text.twi0_writeTo
                0x0000000000000000       0xac ../lib/twi0.o
 .text.twi0_reply
                0x0000000000000000       0x10 ../lib/twi0.o
 .text          0x0000000000000000        0x0 ../lib/twi1.o
 .data          0x0000000000000000        0x0 ../lib/twi1.o
 .bss           0x0000000000000000        0x0 ../lib/twi1.o
 .text.twi1_disable
                0x0000000000000000       0x1c ../lib/twi1.o
 .text.twi1_setFrequency
                0x0000000000000000       0x28 ../lib/twi1.o
 .text.twi1_readFrom
                0x0000000000000000       0x90 ../lib/twi1.o
 .text.twi1_writeTo
                0x0000000000000000       0xac ../lib/twi1.o
 .text.twi1_reply
                0x0000000000000000       0x10 ../lib/twi1.o
 .text          0x0000000000000000        0x0 main.o
 .data          0x0000000000000000        0x0 main.o
 .bss           0x0000000000000000        0x0 main.o
 .text          0x0000000000000000        0x0 calibration_limits.o
 .data          0x0000000000000000        0x0 calibration_limits.o
 .bss           0x0000000000000000        0x0 calibration_limits.o
 .text          0x0000000000000000        0x0 ../lib/uart0_bsd.o
 .data          0x0000000000000000        0x0 ../lib/uart0_bsd.o
 .bss           0x0000000000000000        0x0 ../lib/uart0_bsd.o
 .text.uart0_flush
                0x0000000000000000        0xe ../lib/uart0_bsd.o
 .text.uart0_empty
                0x0000000000000000        0xa ../lib/uart0_bsd.o
 .text.uart0_availableForWrite
                0x0000000000000000       0x10 ../lib/uart0_bsd.o
 .text          0x0000000000000000        0x0 /usr/lib/gcc/avr/5.4.0/avr5/libgcc.a(_divmodhi4.o)
 .data          0x0000000000000000        0x0 /usr/lib/gcc/avr/5.4.0/avr5/libgcc.a(_divmodhi4.o)
 .bss           0x0000000000000000        0x0 /usr/lib/gcc/avr/5.4.0/avr5/libgcc.a(_divmodhi4.o)
 .text.libgcc.mul
                0x0000000000000000        0x0 /usr/lib/gcc/avr/5.4.0/avr5/libgcc.a(_divmodhi4.o)
 .text.libgcc   0x0000000000000000        0x0 /usr/lib/gcc/avr/5.4.0/avr5/libgcc.a(_divmodhi4.o)
 .text.libgcc.prologue
                0x0000000000000000        0x0 /usr/lib/gcc/avr/5.4.0/avr5/libgcc.a(_divmodhi4.o)
 .text.libgcc.builtins
                0x0000000000000000        0x0 /usr/lib/gcc/avr/5.4.0/avr5/libgcc.a(_divmodhi4.o)
 .text.libgcc.fmul
                0x0000000000000000        0x0 /usr/lib/gcc/avr/5.4.0/avr5/libgcc.a(_divmodhi4.o)
 .text.libgcc.fixed
                0x0000000000000000        0x0 /usr/lib/gcc/avr/5.4.0/avr5/libgcc.a(_divmodhi4.o)
 .text          0x0000000000000000        0x0 /usr/lib/gcc/avr/5.4.0/avr5/libgcc.a(_udivmodsi4.o)
 .data          0x0000000000000000        0x0 /usr/lib/gcc/avr/5.4.0/avr5/libgcc.a(_udivmodsi4.o)
 .bss           0x0000000000000000        0x0 /usr/lib/gcc/avr/5.4.0/avr5/libgcc.a(_udivmodsi4.o)
 .text.libgcc.mul
                0x0000000000000000        0x0 /usr/lib/gcc/avr/5.4.0/avr5/libgcc.a(_udivmodsi4.o)
 .text.libgcc   0x0000000000000000        0x0 /usr/lib/gcc/avr/5.4.0/avr5/libgcc.a(_udivmodsi4.o)
 .text.libgcc.prologue
                0x0000000000000000        0x0 /usr/lib/gcc/avr/5.4.0/avr5/libgcc.a(_udivmodsi4.o)
 .text.libgcc.builtins
                0x0000000000000000        0x0 /usr/lib/gcc/avr/5.4.0/avr5/libgcc.a(_udivmodsi4.o)
 .text.libgcc.fmul
                0x0000000000000000        0x0 /usr/lib/gcc/avr/5.4.0/avr5/libgcc.a(_udivmodsi4.o)
 .text.libgcc.fixed
                0x0000000000000000        0x0 /usr/lib/gcc/avr/5.4.0/avr5/libgcc.a(_udivmodsi4.o)
 .text          0x0000000000000000        0x0 /usr/lib/gcc/avr/5.4.0/avr5/libgcc.a(_exit.o)
 .data          0x0000000000000000        0x0 /usr/lib/gcc/avr/5.4.0/avr5/libgcc.a(_exit.o)
 .bss           0x0000000000000000        0x0 /usr/lib/gcc/avr/5.4.0/avr5/libgcc.a(_exit.o)
 .text.libgcc.mul
                0x0000000000000000        0x0 /usr/lib/gcc/avr/5.4.0/avr5/libgcc.a(_exit.o)
 .text.libgcc.div
                0x0000000000000000        0x0 /usr/lib/gcc/avr/5.4.0/avr5/libgcc.a(_exit.o)
 .text.libgcc   0x0000000000000000        0x0 /usr/lib/gcc/avr/5.4.0/avr5/libgcc.a(_exit.o)
 .text.libgcc.prologue
                0x0000000000000000        0x0 /usr/lib/gcc/avr/5.4.0/avr5/libgcc.a(_exit.o)
 .text.libgcc.builtins
                0x0000000000000000        0x0 /usr/lib/gcc/avr/5.4.0/avr5/libgcc.a(_exit.o)
 .text.libgcc.fmul
                0x0000000000000000        0x0 /usr/lib/gcc/avr/5.4.0/avr5/libgcc.a(_exit.o)
 .text.libgcc.fixed
                0x0000000000000000        0x0 /usr/lib/gcc/avr/5.4.0/avr5/libgcc.a(_exit.o)
 .text          0x0000000000000000        0x0 /usr/lib/gcc/avr/5.4.0/avr5/libgcc.a(_copy_data.o)
 .data          0x0000000000000000        0x0 /usr/lib/gcc/avr/5.4.0/avr5/libgcc.a(_copy_data.o)
 .bss           0x0000000000000000        0x0 /usr/lib/gcc/avr/5.4.0/avr5/libgcc.a(_copy_data.o)
 .text.libgcc.mul
                0x0000000000000000        0x0 /usr/lib/gcc/avr/5.4.0/avr5/libgcc.a(_copy_data.o)
 .text.libgcc.div
                0x0000000000000000        0x0 /usr/lib/gcc/avr/5.4.0/avr5/libgcc.a(_copy_data.o)
 .text.libgcc   0x0000000000000000        0x0 /usr/lib/gcc/avr/5.4.0/avr5/libgcc.a(_copy_data.o)
 .text.libgcc.prologue
                0x0000000000000000        0x0 /usr/lib/gcc/avr/5.4.0/avr5/libgcc.a(_copy_data.o)
 .text.libgcc.builtins
                0x0000000000000000        0x0 /usr/lib/gcc/avr/5.4.0/avr5/libgcc.a(_copy_data.o)
 .text.libgcc.fmul
                0x0000000000000000        0x0 /usr/lib/gcc/avr/5.4.0/avr5/libgcc.a(_copy_data.o)
 .text.libgcc.fixed
                0x0000000000000000        0x0 /usr/lib/gcc/avr/5.4.0/avr5/libgcc.a(_copy_data.o)
 .text          0x0000000000000000        0x0 /usr/lib/gcc/avr/5.4.0/avr5/libgcc.a(_clear_bss.o)
 .data          0x0000000000000000        0x0 /usr/lib/gcc/avr/5.4.0/avr5/libgcc.a(_clear_bss.o)
 .bss           0x0000000000000000        0x0 /usr/lib/gcc/avr/5.4.0/avr5/libgcc.a(_clear_bss.o)
 .text.libgcc.mul
                0x0000000000000000        0x0 /usr/lib/gcc/avr/5.4.0/avr5/libgcc.a(_clear_bss.o)
 .text.libgcc.div
                0x0000000000000000        0x0 /usr/lib/gcc/avr/5.4.0/avr5/libgcc.a(_clear_bss.o)
 .text.libgcc   0x0000000000000000        0x0 /usr/lib/gcc/avr/5.4.0/avr5/libgcc.a(_clear_bss.o)
 .text.libgcc.prologue
                0x0000000000000000        0x0 /usr/lib/gcc/avr/5.4.0/avr5/libgcc.a(_clear_bss.o)
 .text.libgcc.builtins
                0x0000000000000000        0x0 /usr/lib/gcc/avr/5.4.0/avr5/libgcc.a(_clear_bss.o)
 .text.libgcc.fmul
                0x0000000000000000        0x0 /usr/lib/gcc/avr/5.4.0/avr5/libgcc.a(_clear_bss.o)
 .text.libgcc.fixed
                0x0000000000000000        0x0 /usr/lib/gcc/avr/5.4.0/avr5/libgcc.a(_clear_bss.o)
 .text          0x0000000000000000        0x0 /usr/lib/gcc/avr/5.4.0/avr5/libgcc.a(_muluhisi3.o)
 .data          0x0000000000000000        0x0 /usr/lib/gcc/avr/5.4.0/avr5/libgcc.a(_muluhisi3.o)
 .bss           0x0000000000000000        0x0 /usr/lib/gcc/avr/5.4.0/avr5/libgcc.a(_muluhisi3.o)
 .text.libgcc.mul
                0x0000000000000000       0x16 /usr/lib/gcc/avr/5.4.0/avr5/libgcc.a(_muluhisi3.o)
 .text.libgcc.div
                0x0000000000000000        0x0 /usr/lib/gcc/avr/5.4.0/avr5/libgcc.a(_muluhisi3.o)
 .text.libgcc   0x0000000000000000        0x0 /usr/lib/gcc/avr/5.4.0/avr5/libgcc.a(_muluhisi3.o)
 .text.libgcc.prologue
                0x0000000000000000        0x0 /usr/lib/gcc/avr/5.4.0/avr5/libgcc.a(_muluhisi3.o)
 .text.libgcc.builtins
                0x0000000000000000        0x0 /usr/lib/gcc/avr/5.4.0/avr5/libgcc.a(_muluhisi3.o)
 .text.libgcc.fmul
                0x0000000000000000        0x0 /usr/lib/gcc/avr/5.4.0/avr5/libgcc.a(_muluhisi3.o)
 .text.libgcc.fixed
                0x0000000000000000        0x0 /usr/lib/gcc/avr/5.4.0/avr5/libgcc.a(_muluhisi3.o)
 .text          0x0000000000000000        0x0 /usr/lib/gcc/avr/5.4.0/avr5/libgcc.a(_udivmodhi4.o)
 .data          0x0000000000000000        0x0 /usr/lib/gcc/avr/5.4.0/avr5/libgcc.a(_udivmodhi4.o)
 .bss           0x0000000000000000        0x0 /usr/lib/gcc/avr/5.4.0/avr5/libgcc.a(_udivmodhi4.o)
 .text.libgcc.mul
                0x0000000000000000        0x0 /usr/lib/gcc/avr/5.4.0/avr5/libgcc.a(_udivmodhi4.o)
 .text.libgcc   0x0000000000000000        0x0 /usr/lib/gcc/avr/5.4.0/avr5/libgcc.a(_udivmodhi4.o)
 .text.libgcc.prologue
                0x0000000000000000        0x0 /usr/lib/gcc/avr/5.4.0/avr5/libgcc.a(_udivmodhi4.o)
 .text.libgcc.builtins
                0x0000000000000000        0x0 /usr/lib/gcc/avr/5.4.0/avr5/libgcc.a(_udivmodhi4.o)
 .text.libgcc.fmul
                0x0000000000000000        0x0 /usr/lib/gcc/avr/5.4.0/avr5/libgcc.a(_udivmodhi4.o)
 .text.libgcc.fixed
                0x0000000000000000        0x0 /usr/lib/gcc/avr/5.4.0/avr5/libgcc.a(_udivmodhi4.o)
 .text          0x0000000000000000        0x0 /usr/lib/gcc/avr/5.4.0/avr5/libgcc.a(_umulhisi3.o)
 .data          0x0000000000000000        0x0 /usr/lib/gcc/avr/5.4.0/avr5/libgcc.a(_umulhisi3.o)
 .bss           0x0000000000000000        0x0 /usr/lib/gcc/avr/5.4.0/avr5/libgcc.a(_umulhisi3.o)
 .text.libgcc.mul
                0x0000000000000000       0x1e /usr/lib/gcc/avr/5.4.0/avr5/libgcc.a(_umulhisi3.o)
 .text.libgcc.div
                0x0000000000000000        0x0 /usr/lib/gcc/avr/5.4.0/avr5/libgcc.a(_umulhisi3.o)
 .text.libgcc   0x0000000000000000        0x0 /usr/lib/gcc/avr/5.4.0/avr5/libgcc.a(_umulhisi3.o)
 .text.libgcc.prologue
                0x0000000000000000        0x0 /usr/lib/gcc/avr/5.4.0/avr5/libgcc.a(_umulhisi3.o)
 .text.libgcc.builtins
                0x0000000000000000        0x0 /usr/lib/gcc/avr/5.4.0/avr5/libgcc.a(_umulhisi3.o)
 .text.libgcc.fmul
                0x0000000000000000        0x0 /usr/lib/gcc/avr/5.4.0/avr5/libgcc.a(_umulhisi3.o)
 .text.libgcc.fixed
                0x0000000000000000        0x0 /usr/lib/gcc/avr/5.4.0/avr5/libgcc.a(_umulhisi3.o)
 .text          0x0000000000000000        0x0 /usr/lib/gcc/avr/5.4.0/../../../avr/lib/avr5/libm.a(cmpsf2.o)
 .data          0x0000000000000000        0x0 /usr/lib/gcc/avr/5.4.0/../../../avr/lib/avr5/libm.a(cmpsf2.o)
 .bss           0x0000000000000000        0x0 /usr/lib/gcc/avr/5.4.0/../../../avr/lib/avr5/libm.a(cmpsf2.o)
 .text          0x0000000000000000        0x0 /usr/lib/gcc/avr/5.4.0/../../../avr/lib/avr5/libm.a(fp_cmp.o)
 .data          0x0000000000000000        0x0 /usr/lib/gcc/avr/5.4.0/../../../avr/lib/avr5/libm.a(fp_cmp.o)
 .bss           0x0000000000000000        0x0 /usr/lib/gcc/avr/5.4.0/../../../avr/lib/avr5/libm.a(fp_cmp.o)
 .text          0x0000000000000000        0x0 /usr/lib/gcc/avr/5.4.0/../../../avr/lib/avr5/libm.a(gesf2.o)
 .data          0x0000000000000000        0x0 /usr/lib/gcc/avr/5.4.0/../../../avr/lib/avr5/libm.a(gesf2.o)
 .bss           0x0000000000000000        0x0 /usr/lib/gcc/avr/5.4.0/../../../avr/lib/avr5/libm.a(gesf2.o)
 .text          0x0000000000000000        0x0 /usr/lib/gcc/avr/5.4.0/../../../avr/lib/avr5/libc.a(fgetc.o)
 .data          0x0000000000000000        0x0 /usr/lib/gcc/avr/5.4.0/../../../avr/lib/avr5/libc.a(fgetc.o)
 .bss           0x0000000000000000        0x0 /usr/lib/gcc/avr/5.4.0/../../../avr/lib/avr5/libc.a(fgetc.o)
 .text          0x0000000000000000        0x0 /usr/lib/gcc/avr/5.4.0/../../../avr/lib/avr5/libc.a(iob.o)
 .data          0x0000000000000000        0x0 /usr/lib/gcc/avr/5.4.0/../../../avr/lib/avr5/libc.a(iob.o)
 .bss           0x0000000000000000        0x0 /usr/lib/gcc/avr/5.4.0/../../../avr/lib/avr5/libc.a(iob.o)
 .text          0x0000000000000000        0x0 /usr/lib/gcc/avr/5.4.0/../../../avr/lib/avr5/libc.a(printf.o)
 .data          0x0000000000000000        0x0 /usr/lib/gcc/avr/5.4.0/../../../avr/lib/avr5/libc.a(printf.o)
 .bss           0x0000000000000000        0x0 /usr/lib/gcc/avr/5.4.0/../../../avr/lib/avr5/libc.a(printf.o)
 .text          0x0000000000000000        0x0 /usr/lib/gcc/avr/5.4.0/../../../avr/lib/avr5/libc.a(vfprintf_std.o)
 .data          0x0000000000000000        0x0 /usr/lib/gcc/avr/5.4.0/../../../avr/lib/avr5/libc.a(vfprintf_std.o)
 .bss           0x0000000000000000        0x0 /usr/lib/gcc/avr/5.4.0/../../../avr/lib/avr5/libc.a(vfprintf_std.o)
 .text          0x0000000000000000        0x0 /usr/lib/gcc/avr/5.4.0/../../../avr/lib/avr5/libc.a(strnlen_P.o)
 .data          0x0000000000000000        0x0 /usr/lib/gcc/avr/5.4.0/../../../avr/lib/avr5/libc.a(strnlen_P.o)
 .bss           0x0000000000000000        0x0 /usr/lib/gcc/avr/5.4.0/../../../avr/lib/avr5/libc.a(strnlen_P.o)
 .text          0x0000000000000000        0x0 /usr/lib/gcc/avr/5.4.0/../../../avr/lib/avr5/libc.a(strnlen.o)
 .data          0x0000000000000000        0x0 /usr/lib/gcc/avr/5.4.0/../../../avr/lib/avr5/libc.a(strnlen.o)
 .bss           0x0000000000000000        0x0 /usr/lib/gcc/avr/5.4.0/../../../avr/lib/avr5/libc.a(strnlen.o)
 .text          0x0000000000000000        0x0 /usr/lib/gcc/avr/5.4.0/../../../avr/lib/avr5/libc.a(fputc.o)
 .data          0x0000000000000000        0x0 /usr/lib/gcc/avr/5.4.0/../../../avr/lib/avr5/libc.a(fputc.o)
 .bss           0x0000000000000000        0x0 /usr/lib/gcc/avr/5.4.0/../../../avr/lib/avr5/libc.a(fputc.o)
 .text          0x0000000000000000        0x0 /usr/lib/gcc/avr/5.4.0/../../../avr/lib/avr5/libc.a(ultoa_invert.o)
 .data          0x0000000000000000        0x0 /usr/lib/gcc/avr/5.4.0/../../../avr/lib/avr5/libc.a(ultoa_invert.o)
 .bss           0x0000000000000000        0x0 /usr/lib/gcc/avr/5.4.0/../../../avr/lib/avr5/libc.a(ultoa_invert.o)
 .text          0x0000000000000000        0x0 ../lib/ATmega_DFP/gcc/dev/atmega328pb/avr5/libatmega328pb.a(eerd_byte.o)
 .data          0x0000000000000000        0x0 ../lib/ATmega_DFP/gcc/dev/atmega328pb/avr5/libatmega328pb.a(eerd_byte.o)
 .bss           0x0000000000000000        0x0 ../lib/ATmega_DFP/gcc/dev/atmega328pb/avr5/libatmega328pb.a(eerd_byte.o)
 .text          0x0000000000000000        0x0 ../lib/ATmega_DFP/gcc/dev/atmega328pb/avr5/libatmega328pb.a(eerd_dword.o)
 .data          0x0000000000000000        0x0 ../lib/ATmega_DFP/gcc/dev/atmega328pb/avr5/libatmega328pb.a(eerd_dword.o)
 .bss           0x0000000000000000        0x0 ../lib/ATmega_DFP/gcc/dev/atmega328pb/avr5/libatmega328pb.a(eerd_dword.o)
 .text          0x0000000000000000        0x0 ../lib/ATmega_DFP/gcc/dev/atmega328pb/avr5/libatmega328pb.a(eerd_word.o)
 .data          0x0000000000000000        0x0 ../lib/ATmega_DFP/gcc/dev/atmega328pb/avr5/libatmega328pb.a(eerd_word.o)
 .bss           0x0000000000000000        0x0 ../lib/ATmega_DFP/gcc/dev/atmega328pb/avr5/libatmega328pb.a(eerd_word.o)
 .text          0x0000000000000000        0x0 ../lib/ATmega_DFP/gcc/dev/atmega328pb/avr5/libatmega328pb.a(eeupd_byte.o)
 .data          0x0000000000000000        0x0 ../lib/ATmega_DFP/gcc/dev/atmega328pb/avr5/libatmega328pb.a(eeupd_byte.o)
 .bss           0x0000000000000000        0x0 ../lib/ATmega_DFP/gcc/dev/atmega328pb/avr5/libatmega328pb.a(eeupd_byte.o)
 .text          0x0000000000000000        0x0 ../lib/ATmega_DFP/gcc/dev/atmega328pb/avr5/libatmega328pb.a(eeupd_dword.o)
 .data          0x0000000000000000        0x0 ../lib/ATmega_DFP/gcc/dev/atmega328pb/avr5/libatmega328pb.a(eeupd_dword.o)
 .bss           0x0000000000000000        0x0 ../lib/ATmega_DFP/gcc/dev/atmega328pb/avr5/libatmega328pb.a(eeupd_dword.o)
 .text          0x0000000000000000        0x0 ../lib/ATmega_DFP/gcc/dev/atmega328pb/avr5/libatmega328pb.a(eeupd_word.o)
 .data          0x0000000000000000        0x0 ../lib/ATmega_DFP/gcc/dev/atmega328pb/avr5/libatmega328pb.a(eeupd_word.o)
 .bss           0x0000000000000000        0x0 ../lib/ATmega_DFP/gcc/dev/atmega328pb/avr5/libatmega328pb.a(eeupd_word.o)
 .text          0x0000000000000000        0x0 ../lib/ATmega_DFP/gcc/dev/atmega328pb/avr5/libatmega328pb.a(eerd_block.o)
 .data          0x0000000000000000        0x0 ../lib/ATmega_DFP/gcc/dev/atmega328pb/avr5/libatmega328pb.a(eerd_block.o)
 .bss           0x0000000000000000        0x0 ../lib/ATmega_DFP/gcc/dev/atmega328pb/avr5/libatmega328pb.a(eerd_block.o)
 .text          0x0000000000000000        0x0 /usr/lib/gcc/avr/5.4.0/avr5/libgcc.a(_prologue.o)
 .data          0x0000000000000000        0x0 /usr/lib/gcc/avr/5.4.0/avr5/libgcc.a(_prologue.o)
 .bss           0x0000000000000000        0x0 /usr/lib/gcc/avr/5.4.0/avr5/libgcc.a(_prologue.o)
 .text.libgcc.mul
                0x0000000000000000        0x0 /usr/lib/gcc/avr/5.4.0/avr5/libgcc.a(_prologue.o)
 .text.libgcc.div
                0x0000000000000000        0x0 /usr/lib/gcc/avr/5.4.0/avr5/libgcc.a(_prologue.o)
 .text.libgcc   0x0000000000000000        0x0 /usr/lib/gcc/avr/5.4.0/avr5/libgcc.a(_prologue.o)
 .text.libgcc.builtins
                0x0000000000000000        0x0 /usr/lib/gcc/avr/5.4.0/avr5/libgcc.a(_prologue.o)
 .text.libgcc.fmul
                0x0000000000000000        0x0 /usr/lib/gcc/avr/5.4.0/avr5/libgcc.a(_prologue.o)
 .text.libgcc.fixed
                0x0000000000000000        0x0 /usr/lib/gcc/avr/5.4.0/avr5/libgcc.a(_prologue.o)
 .text          0x0000000000000000        0x0 /usr/lib/gcc/avr/5.4.0/avr5/libgcc.a(_epilogue.o)
 .data          0x0000000000000000        0x0 /usr/lib/gcc/avr/5.4.0/avr5/libgcc.a(_epilogue.o)
 .bss           0x0000000000000000        0x0 /usr/lib/gcc/avr/5.4.0/avr5/libgcc.a(_epilogue.o)
 .text.libgcc.mul
                0x0000000000000000        0x0 /usr/lib/gcc/avr/5.4.0/avr5/libgcc.a(_epilogue.o)
 .text.libgcc.div
                0x0000000000000000        0x0 /usr/lib/gcc/avr/5.4.0/avr5/libgcc.a(_epilogue.o)
 .text.libgcc   0x0000000000000000        0x0 /usr/lib/gcc/avr/5.4.0/avr5/libgcc.a(_epilogue.o)
 .text.libgcc.builtins
                0x0000000000000000        0x0 /usr/lib/gcc/avr/5.4.0/avr5/libgcc.a(_epilogue.o)
 .text.libgcc.fmul
                0x0000000000000000        0x0 /usr/lib/gcc/avr/5.4.0/avr5/libgcc.a(_epilogue.o)
 .text.libgcc.fixed
                0x0000000000000000        0x0 /usr/lib/gcc/avr/5.4.0/avr5/libgcc.a(_epilogue.o)

Memory Configuration

Name             Origin             Length             Attributes
text             0x0000000000000000 0x0000000000020000 xr
data             0x0000000000800060 0x000000000000ffa0 rw !x
eeprom           0x0000000000810000 0x0000000000010000 rw !x
fuse             0x0000000000820000 0x0000000000000003 rw !x
lock             0x0000000000830000 0x0000000000000400 rw !x
signature        0x0000000000840000 0x0000000000000400 rw !x
user_signatures  0x0000000000850000 0x0000000000000400 rw !x
*default*        0x0000000000000000 0xffffffffffffffff

Linker script and memory map

Address of section .data set to 0x800100
LOAD ../lib/ATmega_DFP/gcc/dev/atmega328pb/avr5/crtatmega328pb.o
LOAD rpubus_manager_state.o
LOAD dtr_transmition.o
LOAD i2c_cmds.o
LOAD smbus_cmds.o
LOAD id_in_ee.o
LOAD adc_burst.o
LOAD references.o
LOAD power_manager.o
LOAD battery_limits.o
LOAD daynight_limits.o
LOAD daynight_state.o
LOAD ../lib/adc.o
LOAD ../lib/adc_bsd.o
LOAD ../lib/timers.o
LOAD ../lib/twi0.o
LOAD ../lib/twi1.o
LOAD main.o
LOAD calibration_limits.o
LOAD ../lib/uart0_bsd.o
START GROUP
LOAD /usr/lib/gcc/avr/5.4.0/avr5/libgcc.a
LOAD /usr/lib/gcc/avr/5.4.0/../../../avr/lib/avr5/libm.a
LOAD /usr/lib/gcc/avr/5.4.0/../../../avr/lib/avr5/libc.a
LOAD ../lib/ATmega_DFP/gcc/dev/atmega328pb/avr5/libatmega328pb.a
END GROUP
                0x0000000000020000                __TEXT_REGION_LENGTH__ = DEFINED (__TEXT_REGION_LENGTH__)?__TEXT_REGION_LENGTH__:0x20000
                0x000000000000ffa0                __DATA_REGION_LENGTH__ = DEFINED (__DATA_REGION_LENGTH__)?__DATA_REGION_LENGTH__:0xffa0
                0x0000000000010000                __EEPROM_REGION_LENGTH__ = DEFINED (__EEPROM_REGION_LENGTH__)?__EEPROM_REGION_LENGTH__:0x10000
                [0x0000000000000003]                __FUSE_REGION_LENGTH__ = DEFINED (__FUSE_REGION_LENGTH__)?__FUSE_REGION_LENGTH__:0x400
                0x0000000000000400                __LOCK_REGION_LENGTH__ = DEFINED (__LOCK_REGION_LENGTH__)?__LOCK_REGION_LENGTH__:0x400
                0x0000000000000400                __SIGNATURE_REGION_LENGTH__ = DEFINED (__SIGNATURE_REGION_LENGTH__)?__SIGNATURE_REGION_LENGTH__:0x400
                0x0000000000000400                __USER_SIGNATURE_REGION_LENGTH__ = DEFINED (__USER_SIGNATURE_REGION_LENGTH__)?__USER_SIGNATURE_REGION_LENGTH__:0x400

.hash
 *(.hash)

.dynsym
 *(.dynsym)

.dynstr
 *(.dynstr)

.gnu.version
 *(.gnu.version)

.gnu.version_d
 *(.gnu.version_d)

.gnu.version_r
 *(.gnu.version_r)

.rel.init
 *(.rel.init)

.rela.init
 *(.rela.init)

.rel.text
 *(.rel.text)
 *(.rel.text.*)
 *(.rel.gnu.linkonce.t*)

.rela.text
 *(.rela.text)
 *(.rela.text.*)
 *(.rela.gnu.linkonce.t*)

.rel.fini
 *(.rel.fini)

.rela.fini
 *(.rela.fini)

.rel.rodata
 *(.rel.rodata)
 *(.rel.rodata.*)
 *(.rel.gnu.linkonce.r*)

.rela.rodata
 *(.rela.rodata)
 *(.rela.rodata.*)
 *(.rela.gnu.linkonce.r*)

.rel.data
 *(.rel.data)
 *(.rel.data.*)
 *(.rel.gnu.linkonce.d*)

.rela.data
 *(.rela.data)
 *(.rela.data.*)
 *(.rela.gnu.linkonce.d*)

.rel.ctors
 *(.rel.ctors)

.rela.ctors
 *(.rela.ctors)

.rel.dtors
 *(.rel.dtors)

.rela.dtors
 *(.rela.dtors)

.rel.got
 *(.rel.got)

.rela.got
 *(.rela.got)

.rel.bss
 *(.rel.bss)

.rela.bss
 *(.rela.bss)

.rel.plt
 *(.rel.plt)

.rela.plt
 *(.rela.plt)

.text           0x0000000000000000     0x3a9e
 *(.vectors)
 .vectors       0x0000000000000000       0xb4 ../lib/ATmega_DFP/gcc/dev/atmega328pb/avr5/crtatmega328pb.o
                0x0000000000000000                __vectors
                0x0000000000000000                __vector_default
 *(.vectors)
 *(.progmem.gcc*)
                0x00000000000000b4                . = ALIGN (0x2)
                0x00000000000000b4                __trampolines_start = .
 *(.trampolines)
 .trampolines   0x00000000000000b4        0x0 linker stubs
 *(.trampolines*)
                0x00000000000000b4                __trampolines_end = .
 *libprintf_flt.a:*(.progmem.data)
 *libc.a:*(.progmem.data)
 *(.progmem*)
 .progmem.data.EE_IdTable
                0x00000000000000b4        0x6 id_in_ee.o
                0x00000000000000b4                EE_IdTable
                0x00000000000000ba                . = ALIGN (0x2)
 *(.jumptables)
 *(.jumptables*)
 *(.lowtext)
 *(.lowtext*)
                0x00000000000000ba                __ctors_start = .
 *(.ctors)
                0x00000000000000ba                __ctors_end = .
                0x00000000000000ba                __dtors_start = .
 *(.dtors)
                0x00000000000000ba                __dtors_end = .
 SORT(*)(.ctors)
 SORT(*)(.dtors)
 *(.init0)
 .init0         0x00000000000000ba        0x0 ../lib/ATmega_DFP/gcc/dev/atmega328pb/avr5/crtatmega328pb.o
                0x00000000000000ba                __init
 *(.init0)
 *(.init1)
 *(.init1)
 *(.init2)
 .init2         0x00000000000000ba        0xc ../lib/ATmega_DFP/gcc/dev/atmega328pb/avr5/crtatmega328pb.o
 *(.init2)
 *(.init3)
 *(.init3)
 *(.init4)
 .init4         0x00000000000000c6       0x16 /usr/lib/gcc/avr/5.4.0/avr5/libgcc.a(_copy_data.o)
                0x00000000000000c6                __do_copy_data
 .init4         0x00000000000000dc       0x10 /usr/lib/gcc/avr/5.4.0/avr5/libgcc.a(_clear_bss.o)
                0x00000000000000dc                __do_clear_bss
 *(.init4)
 *(.init5)
 *(.init5)
 *(.init6)
 *(.init6)
 *(.init7)
 *(.init7)
 *(.init8)
 *(.init8)
 *(.init9)
 .init9         0x00000000000000ec        0x8 ../lib/ATmega_DFP/gcc/dev/atmega328pb/avr5/crtatmega328pb.o
 *(.init9)
 *(.text)
 .text          0x00000000000000f4        0x4 ../lib/ATmega_DFP/gcc/dev/atmega328pb/avr5/crtatmega328pb.o
                0x00000000000000f4                __vector_38
                0x00000000000000f4                __vector_22
                0x00000000000000f4                __vector_28
                0x00000000000000f4                __vector_1
                0x00000000000000f4                __vector_32
                0x00000000000000f4                __vector_34
                0x00000000000000f4                __vector_12
                0x00000000000000f4                __bad_interrupt
                0x00000000000000f4                __vector_6
                0x00000000000000f4                __vector_31
                0x00000000000000f4                __vector_35
                0x00000000000000f4                __vector_39
                0x00000000000000f4                __vector_3
                0x00000000000000f4                __vector_23
                0x00000000000000f4                __vector_30
                0x00000000000000f4                __vector_25
                0x00000000000000f4                __vector_11
                0x00000000000000f4                __vector_13
                0x00000000000000f4                __vector_17
                0x00000000000000f4                __vector_7
                0x00000000000000f4                __vector_41
                0x00000000000000f4                __vector_43
                0x00000000000000f4                __vector_27
                0x00000000000000f4                __vector_5
                0x00000000000000f4                __vector_33
                0x00000000000000f4                __vector_37
                0x00000000000000f4                __vector_4
                0x00000000000000f4                __vector_44
                0x00000000000000f4                __vector_9
                0x00000000000000f4                __vector_2
                0x00000000000000f4                __vector_15
                0x00000000000000f4                __vector_36
                0x00000000000000f4                __vector_29
                0x00000000000000f4                __vector_8
                0x00000000000000f4                __vector_26
                0x00000000000000f4                __vector_14
                0x00000000000000f4                __vector_10
                0x00000000000000f4                __vector_20
                0x00000000000000f4                __vector_42
                0x00000000000000f8                . = ALIGN (0x2)
 *(.text.*)
 .text.connect_normal_mode
                0x00000000000000f8       0x6a rpubus_manager_state.o
                0x00000000000000f8                connect_normal_mode
 .text.connect_bootload_mode
                0x0000000000000162       0x4a rpubus_manager_state.o
                0x0000000000000162                connect_bootload_mode
 .text.connect_lockout_mode
                0x00000000000001ac       0x4a rpubus_manager_state.o
                0x00000000000001ac                connect_lockout_mode
 .text.blink_on_activate
                0x00000000000001f6      0x15e rpubus_manager_state.o
                0x00000000000001f6                blink_on_activate
 .text.check_Bootload_Time
                0x0000000000000354       0x52 rpubus_manager_state.o
                0x0000000000000354                check_Bootload_Time
 .text.check_lockout
                0x00000000000003a6       0x52 rpubus_manager_state.o
                0x00000000000003a6                check_lockout
 .text.check_shutdown
                0x00000000000003f8       0xa2 rpubus_manager_state.o
                0x00000000000003f8                check_shutdown
 .text.check_DTR
                0x000000000000049a      0x174 dtr_transmition.o
                0x000000000000049a                check_DTR
 .text.check_uart
                0x000000000000060e      0x464 dtr_transmition.o
                0x000000000000060e                check_uart
 .text.fnRdBootldAddr
                0x0000000000000a72        0xa i2c_cmds.o
                0x0000000000000a72                fnRdBootldAddr
 .text.fnWtBootldAddr
                0x0000000000000a7c        0xa i2c_cmds.o
                0x0000000000000a7c                fnWtBootldAddr
 .text.fnRdShtdnDtct
                0x0000000000000a86        0xe i2c_cmds.o
                0x0000000000000a86                fnRdShtdnDtct
 .text.fnRdStatus
                0x0000000000000a94       0x2c i2c_cmds.o
                0x0000000000000a94                fnRdStatus
 .text.fnWtStatus
                0x0000000000000ac0       0x4c i2c_cmds.o
                0x0000000000000ac0                fnWtStatus
 .text.fnRdArduinMode
                0x0000000000000b0c        0xa i2c_cmds.o
                0x0000000000000b0c                fnRdArduinMode
 .text.fnBatStartChrg
                0x0000000000000b16       0x2c i2c_cmds.o
                0x0000000000000b16                fnBatStartChrg
 .text.fnBatDoneChrg
                0x0000000000000b42       0x2c i2c_cmds.o
                0x0000000000000b42                fnBatDoneChrg
 .text.fnRdBatChrgTime
                0x0000000000000b6e       0x1c i2c_cmds.o
                0x0000000000000b6e                fnRdBatChrgTime
 .text.fnMorningThreshold
                0x0000000000000b8a       0x2c i2c_cmds.o
                0x0000000000000b8a                fnMorningThreshold
 .text.fnEveningThreshold
                0x0000000000000bb6       0x2c i2c_cmds.o
                0x0000000000000bb6                fnEveningThreshold
 .text.fnCalibrationRead
                0x0000000000000be2       0xe4 i2c_cmds.o
                0x0000000000000be2                fnCalibrationRead
 .text.fnRdTimedAccum
                0x0000000000000cc6       0xa2 i2c_cmds.o
                0x0000000000000cc6                fnRdTimedAccum
 .text.fnAnalogRefExternAVCC
                0x0000000000000d68       0x8a i2c_cmds.o
                0x0000000000000d68                fnAnalogRefExternAVCC
 .text.fnAnalogRefIntern1V1
                0x0000000000000df2       0x8a i2c_cmds.o
                0x0000000000000df2                fnAnalogRefIntern1V1
 .text.fnMorningDebounce
                0x0000000000000e7c       0x8a i2c_cmds.o
                0x0000000000000e7c                fnMorningDebounce
 .text.fnEveningDebounce
                0x0000000000000f06       0x8a i2c_cmds.o
                0x0000000000000f06                fnEveningDebounce
 .text.fnNull   0x0000000000000f90        0x2 i2c_cmds.o
                0x0000000000000f90                fnNull
 .text.fnDayNightTimer
                0x0000000000000f92       0x3c i2c_cmds.o
                0x0000000000000f92                fnDayNightTimer
 .text.fnAnalogRead
                0x0000000000000fce       0x3a i2c_cmds.o
                0x0000000000000fce                fnAnalogRead
 .text.fnDayNightState
                0x0000000000001008       0x20 i2c_cmds.o
                0x0000000000001008                fnDayNightState
 .text.fnRdXcvrCntlInTestMode
                0x0000000000001028       0xee i2c_cmds.o
                0x0000000000001028                fnRdXcvrCntlInTestMode
 .text.fnWtXcvrCntlInTestMode
                0x0000000000001116       0xf4 i2c_cmds.o
                0x0000000000001116                fnWtXcvrCntlInTestMode
 .text.fnWtShtdnDtct
                0x000000000000120a       0x46 i2c_cmds.o
                0x000000000000120a                fnWtShtdnDtct
 .text.fnRdMgrAddr
                0x0000000000001250      0x15e i2c_cmds.o
                0x0000000000001250                fnRdMgrAddr
 .text.fnWtArduinMode
                0x00000000000013ae       0x9e i2c_cmds.o
                0x00000000000013ae                fnWtArduinMode
 .text.fnStartTestMode
                0x000000000000144c       0xa4 i2c_cmds.o
                0x000000000000144c                fnStartTestMode
 .text.fnEndTestMode
                0x00000000000014f0       0xdc i2c_cmds.o
                0x00000000000014f0                fnEndTestMode
 .text.receive_i2c_event
                0x00000000000015cc       0x7a i2c_cmds.o
                0x00000000000015cc                receive_i2c_event
 .text.transmit_i2c_event
                0x0000000000001646       0x1c i2c_cmds.o
                0x0000000000001646                transmit_i2c_event
 .text.fnRdMgrAddrQuietly
                0x0000000000001662       0x1e i2c_cmds.o
                0x0000000000001662                fnRdMgrAddrQuietly
 .text.receive_smbus_event
                0x0000000000001680       0x12 smbus_cmds.o
                0x0000000000001680                receive_smbus_event
 .text.handle_smbus_receive
                0x0000000000001692       0xe8 smbus_cmds.o
                0x0000000000001692                handle_smbus_receive
 .text.transmit_smbus_event
                0x000000000000177a       0x12 smbus_cmds.o
                0x000000000000177a                transmit_smbus_event
 .text.save_rpu_addr_state
                0x000000000000178c       0x56 id_in_ee.o
                0x000000000000178c                save_rpu_addr_state
 .text.check_for_eeprom_id
                0x00000000000017e2       0x36 id_in_ee.o
                0x00000000000017e2                check_for_eeprom_id
 .text.adc_burst
                0x0000000000001818       0xcc adc_burst.o
                0x0000000000001818                adc_burst
 .text.IsValidValForAvccRef
                0x00000000000018e4       0x50 references.o
                0x00000000000018e4                IsValidValForAvccRef
 .text.IsValidValFor1V1Ref
                0x0000000000001934       0x50 references.o
                0x0000000000001934                IsValidValFor1V1Ref
 .text.WriteEeReferenceId
                0x0000000000001984       0x28 references.o
                0x0000000000001984                WriteEeReferenceId
 .text.WriteEeReferenceAvcc
                0x00000000000019ac       0x3c references.o
                0x00000000000019ac                WriteEeReferenceAvcc
 .text.WriteEeReference1V1
                0x00000000000019e8       0x3c references.o
                0x00000000000019e8                WriteEeReference1V1
 .text.LoadAnalogRefFromEEPROM
                0x0000000000001a24       0xa8 references.o
                0x0000000000001a24                LoadAnalogRefFromEEPROM
 .text.ReferancesFromI2CtoEE
                0x0000000000001acc       0x5c references.o
                0x0000000000001acc                ReferancesFromI2CtoEE
 .text.check_if_alt_should_be_on
                0x0000000000001b28      0x1de power_manager.o
                0x0000000000001b28                check_if_alt_should_be_on
 .text.IsValidBatHighLimFor12V
                0x0000000000001d06       0x16 battery_limits.o
                0x0000000000001d06                IsValidBatHighLimFor12V
 .text.IsValidBatLowLimFor12V
                0x0000000000001d1c       0x16 battery_limits.o
                0x0000000000001d1c                IsValidBatLowLimFor12V
 .text.IsValidBatHighLimFor24V
                0x0000000000001d32       0x16 battery_limits.o
                0x0000000000001d32                IsValidBatHighLimFor24V
 .text.IsValidBatLowLimFor24V
                0x0000000000001d48       0x16 battery_limits.o
                0x0000000000001d48                IsValidBatLowLimFor24V
 .text.WriteEEBatHighLim
                0x0000000000001d5e       0x2c battery_limits.o
                0x0000000000001d5e                WriteEEBatHighLim
 .text.WriteEEBatLowLim
                0x0000000000001d8a       0x2c battery_limits.o
                0x0000000000001d8a                WriteEEBatLowLim
 .text.LoadBatLimitsFromEEPROM
                0x0000000000001db6       0xae battery_limits.o
                0x0000000000001db6                LoadBatLimitsFromEEPROM
 .text.BatLimitsFromI2CtoEE
                0x0000000000001e64       0x60 battery_limits.o
                0x0000000000001e64                BatLimitsFromI2CtoEE
 .text.IsValidMorningThresholdFor12V
                0x0000000000001ec4       0x16 daynight_limits.o
                0x0000000000001ec4                IsValidMorningThresholdFor12V
 .text.IsValidEveningThresholdFor12V
                0x0000000000001eda       0x16 daynight_limits.o
                0x0000000000001eda                IsValidEveningThresholdFor12V
 .text.IsValidMorningThresholdFor24V
                0x0000000000001ef0       0x16 daynight_limits.o
                0x0000000000001ef0                IsValidMorningThresholdFor24V
 .text.IsValidEveningThresholdFor24V
                0x0000000000001f06       0x16 daynight_limits.o
                0x0000000000001f06                IsValidEveningThresholdFor24V
 .text.IsValidEveningDebounce
                0x0000000000001f1c       0x22 daynight_limits.o
                0x0000000000001f1c                IsValidEveningDebounce
 .text.WriteEEMorningThreshold
                0x0000000000001f3e       0x2c daynight_limits.o
                0x0000000000001f3e                WriteEEMorningThreshold
 .text.WriteEEEveningThreshold
                0x0000000000001f6a       0x2c daynight_limits.o
                0x0000000000001f6a                WriteEEEveningThreshold
 .text.WriteEEMorningDebounce
                0x0000000000001f96       0x3c daynight_limits.o
                0x0000000000001f96                WriteEEMorningDebounce
 .text.WriteEEEveningDebounce
                0x0000000000001fd2       0x3c daynight_limits.o
                0x0000000000001fd2                WriteEEEveningDebounce
 .text.LoadDayNightValuesFromEEPROM
                0x000000000000200e      0x158 daynight_limits.o
                0x000000000000200e                LoadDayNightValuesFromEEPROM
 .text.DayNightValuesFromI2CtoEE
                0x0000000000002166       0x9a daynight_limits.o
                0x0000000000002166                DayNightValuesFromI2CtoEE
 .text.check_daynight
                0x0000000000002200      0x19a daynight_state.o
                0x0000000000002200                check_daynight
 .text.analogRead
                0x000000000000239a       0x58 ../lib/adc.o
                0x000000000000239a                analogRead
 .text.__vector_21
                0x00000000000023f2       0xc4 ../lib/adc_bsd.o
                0x00000000000023f2                __vector_21
 .text.init_ADC_single_conversion
                0x00000000000024b6       0x36 ../lib/adc_bsd.o
                0x00000000000024b6                init_ADC_single_conversion
 .text.enable_ADC_auto_conversion
                0x00000000000024ec       0x26 ../lib/adc_bsd.o
                0x00000000000024ec                enable_ADC_auto_conversion
 .text.__vector_16
                0x0000000000002512       0x94 ../lib/timers.o
                0x0000000000002512                __vector_16
 .text.millis   0x00000000000025a6       0x18 ../lib/timers.o
                0x00000000000025a6                millis
 .text.initTimers
                0x00000000000025be       0x88 ../lib/timers.o
                0x00000000000025be                initTimers
 .text.transmit0_default
                0x0000000000002646        0x2 ../lib/twi0.o
                0x0000000000002646                transmit0_default
 .text.receive0_default
                0x0000000000002648        0x2 ../lib/twi0.o
                0x0000000000002648                receive0_default
 .text.twi0_init
                0x000000000000264a       0x54 ../lib/twi0.o
                0x000000000000264a                twi0_init
 .text.twi0_setAddress
                0x000000000000269e        0x8 ../lib/twi0.o
                0x000000000000269e                twi0_setAddress
 .text.twi0_transmit
                0x00000000000026a6       0x32 ../lib/twi0.o
                0x00000000000026a6                twi0_transmit
 .text.twi0_attachSlaveRxEvent
                0x00000000000026d8        0xa ../lib/twi0.o
                0x00000000000026d8                twi0_attachSlaveRxEvent
 .text.twi0_attachSlaveTxEvent
                0x00000000000026e2        0xa ../lib/twi0.o
                0x00000000000026e2                twi0_attachSlaveTxEvent
 .text.twi0_stop
                0x00000000000026ec       0x14 ../lib/twi0.o
                0x00000000000026ec                twi0_stop
 .text.twi0_releaseBus
                0x0000000000002700        0xc ../lib/twi0.o
                0x0000000000002700                twi0_releaseBus
 .text.__vector_24
                0x000000000000270c      0x25a ../lib/twi0.o
                0x000000000000270c                __vector_24
 .text.transmit1_default
                0x0000000000002966        0x2 ../lib/twi1.o
                0x0000000000002966                transmit1_default
 .text.receive1_default
                0x0000000000002968        0x2 ../lib/twi1.o
                0x0000000000002968                receive1_default
 .text.twi1_init
                0x000000000000296a       0x60 ../lib/twi1.o
                0x000000000000296a                twi1_init
 .text.twi1_setAddress
                0x00000000000029ca        0x8 ../lib/twi1.o
                0x00000000000029ca                twi1_setAddress
 .text.twi1_transmit
                0x00000000000029d2       0x32 ../lib/twi1.o
                0x00000000000029d2                twi1_transmit
 .text.twi1_attachSlaveRxEvent
                0x0000000000002a04        0xa ../lib/twi1.o
                0x0000000000002a04                twi1_attachSlaveRxEvent
 .text.twi1_attachSlaveTxEvent
                0x0000000000002a0e        0xa ../lib/twi1.o
                0x0000000000002a0e                twi1_attachSlaveTxEvent
 .text.twi1_stop
                0x0000000000002a18       0x14 ../lib/twi1.o
                0x0000000000002a18                twi1_stop
 .text.twi1_releaseBus
                0x0000000000002a2c        0xc ../lib/twi1.o
                0x0000000000002a2c                twi1_releaseBus
 .text.__vector_40
                0x0000000000002a38      0x284 ../lib/twi1.o
                0x0000000000002a38                __vector_40
 .text.setup    0x0000000000002cbc      0x1e4 main.o
                0x0000000000002cbc                setup
 .text.startup.main
                0x0000000000002ea0       0x5e main.o
                0x0000000000002ea0                main
 .text.IsValidValForCal
                0x0000000000002efe       0x2e calibration_limits.o
                0x0000000000002efe                IsValidValForCal
 .text.IsValidValForCalChannel
                0x0000000000002f2c       0x22 calibration_limits.o
                0x0000000000002f2c                IsValidValForCalChannel
 .text.WriteCalToEE
                0x0000000000002f4e       0x40 calibration_limits.o
                0x0000000000002f4e                WriteCalToEE
 .text.LoadCalFromEEPROM
                0x0000000000002f8e       0xc0 calibration_limits.o
                0x0000000000002f8e                LoadCalFromEEPROM
 .text.ChannelCalFromI2CtoEE
                0x000000000000304e       0x80 calibration_limits.o
                0x000000000000304e                ChannelCalFromI2CtoEE
 .text.uart0_putchar
                0x00000000000030ce       0x44 ../lib/uart0_bsd.o
                0x00000000000030ce                uart0_putchar
 .text.__vector_18
                0x0000000000003112       0x6a ../lib/uart0_bsd.o
                0x0000000000003112                __vector_18
 .text.__vector_19
                0x000000000000317c       0x58 ../lib/uart0_bsd.o
                0x000000000000317c                __vector_19
 .text.uart0_available
                0x00000000000031d4       0x16 ../lib/uart0_bsd.o
                0x00000000000031d4                uart0_available
 .text.uart0_getchar
                0x00000000000031ea       0x4c ../lib/uart0_bsd.o
                0x00000000000031ea                uart0_getchar
 .text.uart0_init
                0x0000000000003236       0xac ../lib/uart0_bsd.o
                0x0000000000003236                uart0_init
 .text.libgcc.div
                0x00000000000032e2       0x28 /usr/lib/gcc/avr/5.4.0/avr5/libgcc.a(_divmodhi4.o)
                0x00000000000032e2                __divmodhi4
                0x00000000000032e2                _div
 .text.libgcc.div
                0x000000000000330a       0x44 /usr/lib/gcc/avr/5.4.0/avr5/libgcc.a(_udivmodsi4.o)
                0x000000000000330a                __udivmodsi4
 .text.libgcc.div
                0x000000000000334e       0x28 /usr/lib/gcc/avr/5.4.0/avr5/libgcc.a(_udivmodhi4.o)
                0x000000000000334e                __udivmodhi4
 .text.avr-libc.fplib
                0x0000000000003376        0xa /usr/lib/gcc/avr/5.4.0/../../../avr/lib/avr5/libm.a(cmpsf2.o)
                0x0000000000003376                __lesf2
                0x0000000000003376                __nesf2
                0x0000000000003376                __eqsf2
                0x0000000000003376                __cmpsf2
                0x0000000000003376                __ltsf2
 .text.avr-libc.fplib
                0x0000000000003380       0x48 /usr/lib/gcc/avr/5.4.0/../../../avr/lib/avr5/libm.a(fp_cmp.o)
                0x0000000000003380                __fp_cmp
 .text.avr-libc.fplib
                0x00000000000033c8        0xa /usr/lib/gcc/avr/5.4.0/../../../avr/lib/avr5/libm.a(gesf2.o)
                0x00000000000033c8                __gtsf2
                0x00000000000033c8                __gesf2
 .text.avr-libc
                0x00000000000033d2       0x7c /usr/lib/gcc/avr/5.4.0/../../../avr/lib/avr5/libc.a(fgetc.o)
                0x00000000000033d2                fgetc
 .text.avr-libc
                0x000000000000344e       0x2c /usr/lib/gcc/avr/5.4.0/../../../avr/lib/avr5/libc.a(printf.o)
                0x000000000000344e                printf
 .text.avr-libc
                0x000000000000347a      0x3c2 /usr/lib/gcc/avr/5.4.0/../../../avr/lib/avr5/libc.a(vfprintf_std.o)
                0x000000000000347a                vfprintf
 .text.avr-libc
                0x000000000000383c       0x16 /usr/lib/gcc/avr/5.4.0/../../../avr/lib/avr5/libc.a(strnlen_P.o)
                0x000000000000383c                strnlen_P
 .text.avr-libc
                0x0000000000003852       0x16 /usr/lib/gcc/avr/5.4.0/../../../avr/lib/avr5/libc.a(strnlen.o)
                0x0000000000003852                strnlen
 .text.avr-libc
                0x0000000000003868       0x78 /usr/lib/gcc/avr/5.4.0/../../../avr/lib/avr5/libc.a(fputc.o)
                0x0000000000003868                fputc
 .text.avr-libc
                0x00000000000038e0       0xbc /usr/lib/gcc/avr/5.4.0/../../../avr/lib/avr5/libc.a(ultoa_invert.o)
                0x00000000000038e0                __ultoa_invert
 .text.avr-libc
                0x000000000000399c       0x10 ../lib/ATmega_DFP/gcc/dev/atmega328pb/avr5/libatmega328pb.a(eerd_byte.o)
                0x000000000000399c                eeprom_read_byte
 .text.avr-libc
                0x00000000000039ac        0xc ../lib/ATmega_DFP/gcc/dev/atmega328pb/avr5/libatmega328pb.a(eerd_dword.o)
                0x00000000000039ac                eeprom_read_dword
                0x00000000000039ac                eeprom_read_float
 .text.avr-libc
                0x00000000000039b8        0xc ../lib/ATmega_DFP/gcc/dev/atmega328pb/avr5/libatmega328pb.a(eerd_word.o)
                0x00000000000039b8                eeprom_read_word
 .text.avr-libc
                0x00000000000039c4       0x24 ../lib/ATmega_DFP/gcc/dev/atmega328pb/avr5/libatmega328pb.a(eeupd_byte.o)
                0x00000000000039c4                eeprom_update_byte
                0x00000000000039c6                eeprom_update_r18
 .text.avr-libc
                0x00000000000039e8       0x18 ../lib/ATmega_DFP/gcc/dev/atmega328pb/avr5/libatmega328pb.a(eeupd_dword.o)
                0x00000000000039e8                eeprom_update_dword
                0x00000000000039e8                eeprom_update_float
 .text.avr-libc
                0x0000000000003a00        0xc ../lib/ATmega_DFP/gcc/dev/atmega328pb/avr5/libatmega328pb.a(eeupd_word.o)
                0x0000000000003a00                eeprom_update_word
 .text.avr-libc
                0x0000000000003a0c       0x20 ../lib/ATmega_DFP/gcc/dev/atmega328pb/avr5/libatmega328pb.a(eerd_block.o)
                0x0000000000003a0c                eeprom_read_block
                0x0000000000003a10                eeprom_read_blraw
 .text.libgcc.prologue
                0x0000000000003a2c       0x38 /usr/lib/gcc/avr/5.4.0/avr5/libgcc.a(_prologue.o)
                0x0000000000003a2c                __prologue_saves__
 .text.libgcc.prologue
                0x0000000000003a64       0x36 /usr/lib/gcc/avr/5.4.0/avr5/libgcc.a(_epilogue.o)
                0x0000000000003a64                __epilogue_restores__
                0x0000000000003a9a                . = ALIGN (0x2)
 *(.fini9)
 .fini9         0x0000000000003a9a        0x0 /usr/lib/gcc/avr/5.4.0/avr5/libgcc.a(_exit.o)
                0x0000000000003a9a                exit
                0x0000000000003a9a                _exit
 *(.fini9)
 *(.fini8)
 *(.fini8)
 *(.fini7)
 *(.fini7)
 *(.fini6)
 *(.fini6)
 *(.fini5)
 *(.fini5)
 *(.fini4)
 *(.fini4)
 *(.fini3)
 *(.fini3)
 *(.fini2)
 *(.fini2)
 *(.fini1)
 *(.fini1)
 *(.fini0)
 .fini0         0x0000000000003a9a        0x4 /usr/lib/gcc/avr/5.4.0/avr5/libgcc.a(_exit.o)
 *(.fini0)
                0x0000000000003a9e                _etext = .

.data           0x0000000000800100       0xac load address 0x0000000000003a9e
                0x0000000000800100                PROVIDE (__data_start, .)
 *(.data)
 *(.data*)
 .data.twi0_onSlaveReceive
                0x0000000000800100        0x2 ../lib/twi0.o
 .data.twi0_onSlaveTransmit
                0x0000000000800102        0x2 ../lib/twi0.o
 .data.twi1_onSlaveReceive
                0x0000000000800104        0x2 ../lib/twi1.o
 .data.twi1_onSlaveTransmit
                0x0000000000800106        0x2 ../lib/twi1.o
 .data.uartstream0_f
                0x0000000000800108        0xe ../lib/uart0_bsd.o
 *(.rodata)
 *(.rodata*)
 .rodata.str1.1
                0x0000000000800116        0x5 dtr_transmition.o
 .rodata.str1.1
                0x000000000080011b        0x5 i2c_cmds.o
 .rodata.pf.2248
                0x000000000080011b       0x40 i2c_cmds.o
 .rodata.channelMap
                0x000000000080015b        0x8 i2c_cmds.o
 .rodata.pf.2168
                0x0000000000800163       0x40 smbus_cmds.o
 .rodata.channelMap
                0x00000000008001a3        0x8 calibration_limits.o
 *(.gnu.linkonce.d*)
                0x00000000008001ac                . = ALIGN (0x2)
 *fill*         0x00000000008001ab        0x1 
                0x00000000008001ac                _edata = .
                0x00000000008001ac                PROVIDE (__data_end, .)

.bss            0x00000000008001ac      0x23d
                0x00000000008001ac                PROVIDE (__bss_start, .)
 *(.bss)
 *(.bss*)
 .bss.i2c0BufferLength
                0x00000000008001ac        0x1 i2c_cmds.o
                0x00000000008001ac                i2c0BufferLength
 .bss.transmit_data_ready
                0x00000000008001ad        0x1 smbus_cmds.o
                0x00000000008001ad                transmit_data_ready
 .bss.smbus_oldBufferLength
                0x00000000008001ae        0x1 smbus_cmds.o
                0x00000000008001ae                smbus_oldBufferLength
 .bss.smbusBufferLength
                0x00000000008001af        0x1 smbus_cmds.o
                0x00000000008001af                smbusBufferLength
 .bss.free_running
                0x00000000008001b0        0x1 ../lib/adc_bsd.o
 .bss.timer0_fract
                0x00000000008001b1        0x1 ../lib/timers.o
 .bss.timer0_millis
                0x00000000008001b2        0x4 ../lib/timers.o
                0x00000000008001b2                timer0_millis
 .bss.timer0_overflow_count
                0x00000000008001b6        0x4 ../lib/timers.o
                0x00000000008001b6                timer0_overflow_count
 .bss.twi0_error
                0x00000000008001ba        0x1 ../lib/twi0.o
 .bss.twi0_rxBufferIndex
                0x00000000008001bb        0x1 ../lib/twi0.o
 .bss.twi0_rxBuffer
                0x00000000008001bc       0x20 ../lib/twi0.o
 .bss.twi0_txBufferLength
                0x00000000008001dc        0x1 ../lib/twi0.o
 .bss.twi0_txBufferIndex
                0x00000000008001dd        0x1 ../lib/twi0.o
 .bss.twi0_txBuffer
                0x00000000008001de       0x20 ../lib/twi0.o
 .bss.twi0_masterBufferLength
                0x00000000008001fe        0x1 ../lib/twi0.o
 .bss.twi0_masterBufferIndex
                0x00000000008001ff        0x1 ../lib/twi0.o
 .bss.twi0_masterBuffer
                0x0000000000800200       0x20 ../lib/twi0.o
 .bss.twi0_inRepStart
                0x0000000000800220        0x1 ../lib/twi0.o
 .bss.twi0_sendStop
                0x0000000000800221        0x1 ../lib/twi0.o
 .bss.twi0_slarw
                0x0000000000800222        0x1 ../lib/twi0.o
 .bss.twi0_state
                0x0000000000800223        0x1 ../lib/twi0.o
 .bss.twi1_error
                0x0000000000800224        0x1 ../lib/twi1.o
 .bss.twi1_rxBufferIndex
                0x0000000000800225        0x1 ../lib/twi1.o
 .bss.twi1_rxBuffer
                0x0000000000800226        0x2 ../lib/twi1.o
 .bss.twi1_rxBufferB
                0x0000000000800228       0x20 ../lib/twi1.o
 .bss.twi1_rxBufferA
                0x0000000000800248       0x20 ../lib/twi1.o
 .bss.twi1_txBufferLength
                0x0000000000800268        0x1 ../lib/twi1.o
 .bss.twi1_txBufferIndex
                0x0000000000800269        0x1 ../lib/twi1.o
 .bss.twi1_txBuffer
                0x000000000080026a       0x20 ../lib/twi1.o
 .bss.twi1_masterBufferLength
                0x000000000080028a        0x1 ../lib/twi1.o
 .bss.twi1_masterBufferIndex
                0x000000000080028b        0x1 ../lib/twi1.o
 .bss.twi1_masterBuffer
                0x000000000080028c       0x20 ../lib/twi1.o
 .bss.twi1_inRepStart
                0x00000000008002ac        0x1 ../lib/twi1.o
 .bss.twi1_sendStop
                0x00000000008002ad        0x1 ../lib/twi1.o
 .bss.twi1_slarw
                0x00000000008002ae        0x1 ../lib/twi1.o
 .bss.twi1_state
                0x00000000008002af        0x1 ../lib/twi1.o
 .bss.options   0x00000000008002b0        0x1 ../lib/uart0_bsd.o
 .bss.RxTail    0x00000000008002b1        0x1 ../lib/uart0_bsd.o
 .bss.RxHead    0x00000000008002b2        0x1 ../lib/uart0_bsd.o
 .bss.TxTail    0x00000000008002b3        0x1 ../lib/uart0_bsd.o
 .bss.TxHead    0x00000000008002b4        0x1 ../lib/uart0_bsd.o
 .bss.RxBuf     0x00000000008002b5       0x20 ../lib/uart0_bsd.o
 .bss.TxBuf     0x00000000008002d5       0x20 ../lib/uart0_bsd.o
 *(COMMON)
 COMMON         0x00000000008002f5       0x22 rpubus_manager_state.o
                0x00000000008002f5                bootloader_started_at
                0x00000000008002f9                lockout_started_at
                0x00000000008002fd                test_mode_started
                0x00000000008002fe                lockout_active
                0x00000000008002ff                bootloader_started
                0x0000000000800300                status_byt
                0x0000000000800301                localhost_active
                0x0000000000800302                shutdown_started
                0x0000000000800303                shutdown_detected
                0x0000000000800304                transceiver_state
                0x0000000000800305                write_rpu_address_to_eeprom
                0x0000000000800306                local_mcu_is_rpu_aware
                0x0000000000800307                host_is_foreign
                0x0000000000800308                blink_started_at
                0x000000000080030c                arduino_mode
                0x000000000080030d                shutdown_started_at
                0x0000000000800311                bootloader_address
                0x0000000000800312                rpu_address
                0x0000000000800313                host_active
                0x0000000000800314                arduino_mode_started
                0x0000000000800315                uart_has_TTL
                0x0000000000800316                test_mode
 COMMON         0x0000000000800317        0xb dtr_transmition.o
                0x0000000000800317                uart_output
                0x0000000000800318                uart_previous_byte
                0x0000000000800319                my_mcu_is_target_and_i_have_it_reset
                0x000000000080031a                uart_started_at
                0x000000000080031e                target_reset_started_at
 COMMON         0x0000000000800322       0x20 i2c_cmds.o
                0x0000000000800322                i2c0Buffer
 COMMON         0x0000000000800342       0x44 smbus_cmds.o
                0x0000000000800342                smbusBuffer
                0x0000000000800362                inBytes_to_handle
                0x0000000000800364                smbus_has_numBytes_to_handle
                0x0000000000800366                smbus_oldBuffer
 COMMON         0x0000000000800386        0xc adc_burst.o
                0x0000000000800386                accumulate_alt_ti
                0x000000000080038a                accumulate_pwr_ti
                0x000000000080038e                adc_started_at
 COMMON         0x0000000000800392        0x9 references.o
                0x0000000000800392                ref_loaded
                0x0000000000800393                ref_extern_avcc_uV
                0x0000000000800397                ref_intern_1v1_uV
 COMMON         0x000000000080039b        0x9 power_manager.o
                0x000000000080039b                enable_alternate_power
                0x000000000080039c                alt_pwm_started_at
                0x00000000008003a0                alt_pwm_accum_charge_time
 COMMON         0x00000000008003a4        0x5 battery_limits.o
                0x00000000008003a4                battery_high_limit
                0x00000000008003a6                bat_limit_loaded
                0x00000000008003a7                battery_low_limit
 COMMON         0x00000000008003a9        0xd daynight_limits.o
                0x00000000008003a9                daynight_evening_debounce
                0x00000000008003ad                daynight_morning_threshold
                0x00000000008003af                daynight_values_loaded
                0x00000000008003b0                daynight_evening_threshold
                0x00000000008003b2                daynight_morning_debounce
 COMMON         0x00000000008003b6        0x6 daynight_state.o
                0x00000000008003b6                daynight_state
                0x00000000008003b7                daynight_work
                0x00000000008003b8                dayTmrStarted
 COMMON         0x00000000008003bc       0x14 ../lib/adc_bsd.o
                0x00000000008003bc                adc_channel
                0x00000000008003bd                analog_reference
                0x00000000008003be                adc
                0x00000000008003ce                ADC_auto_conversion
                0x00000000008003cf                adc_isr_status
 COMMON         0x00000000008003d0       0x12 calibration_limits.o
                0x00000000008003d0                cal_loaded
                0x00000000008003d1                calMap
                0x00000000008003e1                channel_with_writebit
 COMMON         0x00000000008003e2        0x1 ../lib/uart0_bsd.o
                0x00000000008003e2                UART0_error
 COMMON         0x00000000008003e3        0x6 /usr/lib/gcc/avr/5.4.0/../../../avr/lib/avr5/libc.a(iob.o)
                0x00000000008003e3                __iob
                0x00000000008003e9                PROVIDE (__bss_end, .)
                0x0000000000003a9e                __data_load_start = LOADADDR (.data)
                0x0000000000003b4a                __data_load_end = (__data_load_start + SIZEOF (.data))

.noinit         0x00000000008003e9        0x0
                [!provide]                        PROVIDE (__noinit_start, .)
 *(.noinit*)
                [!provide]                        PROVIDE (__noinit_end, .)
                0x00000000008003e9                _end = .
                [!provide]                        PROVIDE (__heap_start, .)

.eeprom         0x0000000000810000        0x0
 *(.eeprom*)
                0x0000000000810000                __eeprom_end = .

.fuse
 *(.fuse)
 *(.lfuse)
 *(.hfuse)
 *(.efuse)

.lock
 *(.lock*)

.signature
 *(.signature*)

.user_signatures
 *(.user_signatures*)

.stab           0x0000000000000000     0xcda4
 *(.stab)
 .stab          0x0000000000000000     0x19f8 rpubus_manager_state.o
 .stab          0x00000000000019f8     0x1488 dtr_transmition.o
                                       0x16e0 (size before relaxing)
 .stab          0x0000000000002e80     0x231c i2c_cmds.o
                                       0x2568 (size before relaxing)
 .stab          0x000000000000519c      0x5f4 smbus_cmds.o
                                        0x84c (size before relaxing)
 .stab          0x0000000000005790      0x4c8 id_in_ee.o
                                        0x6a8 (size before relaxing)
 .stab          0x0000000000005c58      0x384 adc_burst.o
                                        0x564 (size before relaxing)
 .stab          0x0000000000005fdc      0x8b8 references.o
                                        0xaec (size before relaxing)
 .stab          0x0000000000006894      0x6f0 power_manager.o
                                        0x948 (size before relaxing)
 .stab          0x0000000000006f84      0x7c8 battery_limits.o
                                        0xa5c (size before relaxing)
 .stab          0x000000000000774c      0xabc daynight_limits.o
                                        0xd50 (size before relaxing)
 .stab          0x0000000000008208      0x540 daynight_state.o
                                        0x798 (size before relaxing)
 .stab          0x0000000000008748      0x468 ../lib/adc.o
                                        0x630 (size before relaxing)
 .stab          0x0000000000008bb0      0x564 ../lib/adc_bsd.o
                                        0x750 (size before relaxing)
 .stab          0x0000000000009114      0x57c ../lib/timers.o
                                        0x828 (size before relaxing)
 .stab          0x0000000000009690      0xb94 ../lib/twi0.o
                                       0x1254 (size before relaxing)
 .stab          0x000000000000a224      0xbdc ../lib/twi1.o
                                       0x129c (size before relaxing)
 .stab          0x000000000000ae00     0x1020 main.o
                                       0x12c0 (size before relaxing)
 .stab          0x000000000000be20      0x6e4 calibration_limits.o
                                        0x99c (size before relaxing)
 .stab          0x000000000000c504      0x8a0 ../lib/uart0_bsd.o
                                        0xba0 (size before relaxing)

.stabstr        0x0000000000000000     0x312d
 *(.stabstr)
 .stabstr       0x0000000000000000     0x312d rpubus_manager_state.o

.stab.excl
 *(.stab.excl)

.stab.exclstr
 *(.stab.exclstr)

.stab.index
 *(.stab.index)

.stab.indexstr
 *(.stab.indexstr)

.comment        0x0000000000000000       0x11
 *(.comment)
 .comment       0x0000000000000000       0x11 rpubus_manager_state.o
                                         0x12 (size before relaxing)
 .comment       0x0000000000000011       0x12 dtr_transmition.o
 .comment       0x0000000000000011       0x12 i2c_cmds.o
 .comment       0x0000000000000011       0x12 smbus_cmds.o
 .comment       0x0000000000000011       0x12 id_in_ee.o
 .comment       0x0000000000000011       0x12 adc_burst.o
 .comment       0x0000000000000011       0x12 references.o
 .comment       0x0000000000000011       0x12 power_manager.o
 .comment       0x0000000000000011       0x12 battery_limits.o
 .comment       0x0000000000000011       0x12 daynight_limits.o
 .comment       0x0000000000000011       0x12 daynight_state.o
 .comment       0x0000000000000011       0x12 ../lib/adc.o
 .comment       0x0000000000000011       0x12 ../lib/adc_bsd.o
 .comment       0x0000000000000011       0x12 ../lib/timers.o
 .comment       0x0000000000000011       0x12 ../lib/twi0.o
 .comment       0x0000000000000011       0x12 ../lib/twi1.o
 .comment       0x0000000000000011       0x12 main.o
 .comment       0x0000000000000011       0x12 calibration_limits.o
 .comment       0x0000000000000011       0x12 ../lib/uart0_bsd.o
 .comment       0x0000000000000011       0x12 /usr/lib/gcc/avr/5.4.0/../../../avr/lib/avr5/libc.a(fgetc.o)
 .comment       0x0000000000000011       0x12 /usr/lib/gcc/avr/5.4.0/../../../avr/lib/avr5/libc.a(iob.o)
 .comment       0x0000000000000011       0x12 /usr/lib/gcc/avr/5.4.0/../../../avr/lib/avr5/libc.a(printf.o)
 .comment       0x0000000000000011       0x12 /usr/lib/gcc/avr/5.4.0/../../../avr/lib/avr5/libc.a(vfprintf_std.o)
 .comment       0x0000000000000011       0x12 /usr/lib/gcc/avr/5.4.0/../../../avr/lib/avr5/libc.a(fputc.o)

.note.gnu.avr.deviceinfo
                0x0000000000000000       0x40
 .note.gnu.avr.deviceinfo
                0x0000000000000000       0x40 ../lib/ATmega_DFP/gcc/dev/atmega328pb/avr5/crtatmega328pb.o

.note.gnu.build-id
 *(.note.gnu.build-id)

.debug
 *(.debug)

.line
 *(.line)

.debug_srcinfo
 *(.debug_srcinfo)

.debug_sfnames
 *(.debug_sfnames)

.debug_aranges  0x0000000000000000       0xe0
 *(.debug_aranges)
 .debug_aranges
                0x0000000000000000       0x20 ../lib/ATmega_DFP/gcc/dev/atmega328pb/avr5/libatmega328pb.a(eerd_byte.o)
 .debug_aranges
                0x0000000000000020       0x20 ../lib/ATmega_DFP/gcc/dev/atmega328pb/avr5/libatmega328pb.a(eerd_dword.o)
 .debug_aranges
                0x0000000000000040       0x20 ../lib/ATmega_DFP/gcc/dev/atmega328pb/avr5/libatmega328pb.a(eerd_word.o)
 .debug_aranges
                0x0000000000000060       0x20 ../lib/ATmega_DFP/gcc/dev/atmega328pb/avr5/libatmega328pb.a(eeupd_byte.o)
 .debug_aranges
                0x0000000000000080       0x20 ../lib/ATmega_DFP/gcc/dev/atmega328pb/avr5/libatmega328pb.a(eeupd_dword.o)
 .debug_aranges
                0x00000000000000a0       0x20 ../lib/ATmega_DFP/gcc/dev/atmega328pb/avr5/libatmega328pb.a(eeupd_word.o)
 .debug_aranges
                0x00000000000000c0       0x20 ../lib/ATmega_DFP/gcc/dev/atmega328pb/avr5/libatmega328pb.a(eerd_block.o)

.debug_pubnames
 *(.debug_pubnames)

.debug_info     0x0000000000000000      0xd2d
 *(.debug_info .gnu.linkonce.wi.*)
 .debug_info    0x0000000000000000      0x8ea ../lib/ATmega_DFP/gcc/dev/atmega328pb/avr5/crtatmega328pb.o
 .debug_info    0x00000000000008ea       0x9b ../lib/ATmega_DFP/gcc/dev/atmega328pb/avr5/libatmega328pb.a(eerd_byte.o)
 .debug_info    0x0000000000000985       0x9c ../lib/ATmega_DFP/gcc/dev/atmega328pb/avr5/libatmega328pb.a(eerd_dword.o)
 .debug_info    0x0000000000000a21       0x9b ../lib/ATmega_DFP/gcc/dev/atmega328pb/avr5/libatmega328pb.a(eerd_word.o)
 .debug_info    0x0000000000000abc       0x9c ../lib/ATmega_DFP/gcc/dev/atmega328pb/avr5/libatmega328pb.a(eeupd_byte.o)
 .debug_info    0x0000000000000b58       0x9d ../lib/ATmega_DFP/gcc/dev/atmega328pb/avr5/libatmega328pb.a(eeupd_dword.o)
 .debug_info    0x0000000000000bf5       0x9c ../lib/ATmega_DFP/gcc/dev/atmega328pb/avr5/libatmega328pb.a(eeupd_word.o)
 .debug_info    0x0000000000000c91       0x9c ../lib/ATmega_DFP/gcc/dev/atmega328pb/avr5/libatmega328pb.a(eerd_block.o)

.debug_abbrev   0x0000000000000000      0x8fa
 *(.debug_abbrev)
 .debug_abbrev  0x0000000000000000      0x86e ../lib/ATmega_DFP/gcc/dev/atmega328pb/avr5/crtatmega328pb.o
 .debug_abbrev  0x000000000000086e       0x14 ../lib/ATmega_DFP/gcc/dev/atmega328pb/avr5/libatmega328pb.a(eerd_byte.o)
 .debug_abbrev  0x0000000000000882       0x14 ../lib/ATmega_DFP/gcc/dev/atmega328pb/avr5/libatmega328pb.a(eerd_dword.o)
 .debug_abbrev  0x0000000000000896       0x14 ../lib/ATmega_DFP/gcc/dev/atmega328pb/avr5/libatmega328pb.a(eerd_word.o)
 .debug_abbrev  0x00000000000008aa       0x14 ../lib/ATmega_DFP/gcc/dev/atmega328pb/avr5/libatmega328pb.a(eeupd_byte.o)
 .debug_abbrev  0x00000000000008be       0x14 ../lib/ATmega_DFP/gcc/dev/atmega328pb/avr5/libatmega328pb.a(eeupd_dword.o)
 .debug_abbrev  0x00000000000008d2       0x14 ../lib/ATmega_DFP/gcc/dev/atmega328pb/avr5/libatmega328pb.a(eeupd_word.o)
 .debug_abbrev  0x00000000000008e6       0x14 ../lib/ATmega_DFP/gcc/dev/atmega328pb/avr5/libatmega328pb.a(eerd_block.o)

.debug_line     0x0000000000000000      0x52c
 *(.debug_line .debug_line.* .debug_line_end)
 .debug_line    0x0000000000000000      0x1a5 ../lib/ATmega_DFP/gcc/dev/atmega328pb/avr5/crtatmega328pb.o
 .debug_line    0x00000000000001a5       0x7a ../lib/ATmega_DFP/gcc/dev/atmega328pb/avr5/libatmega328pb.a(eerd_byte.o)
 .debug_line    0x000000000000021f       0x68 ../lib/ATmega_DFP/gcc/dev/atmega328pb/avr5/libatmega328pb.a(eerd_dword.o)
 .debug_line    0x0000000000000287       0x67 ../lib/ATmega_DFP/gcc/dev/atmega328pb/avr5/libatmega328pb.a(eerd_word.o)
 .debug_line    0x00000000000002ee       0xb6 ../lib/ATmega_DFP/gcc/dev/atmega328pb/avr5/libatmega328pb.a(eeupd_byte.o)
 .debug_line    0x00000000000003a4       0x7b ../lib/ATmega_DFP/gcc/dev/atmega328pb/avr5/libatmega328pb.a(eeupd_dword.o)
 .debug_line    0x000000000000041f       0x62 ../lib/ATmega_DFP/gcc/dev/atmega328pb/avr5/libatmega328pb.a(eeupd_word.o)
 .debug_line    0x0000000000000481       0xab ../lib/ATmega_DFP/gcc/dev/atmega328pb/avr5/libatmega328pb.a(eerd_block.o)

.debug_frame
 *(.debug_frame)

.debug_str      0x0000000000000000      0x318
 *(.debug_str)
 .debug_str     0x0000000000000000      0x318 ../lib/ATmega_DFP/gcc/dev/atmega328pb/avr5/crtatmega328pb.o

.debug_loc
 *(.debug_loc)

.debug_macinfo
 *(.debug_macinfo)

.debug_weaknames
 *(.debug_weaknames)

.debug_funcnames
 *(.debug_funcnames)

.debug_typenames
 *(.debug_typenames)

.debug_varnames
 *(.debug_varnames)

.debug_pubtypes
 *(.debug_pubtypes)

.debug_ranges
 *(.debug_ranges)

.debug_macro
 *(.debug_macro)
OUTPUT(manager.elf elf32-avr)
LOAD linker stubs
